Archive member included to satisfy reference by file (symbol)

c:/st/stm32cubeide_1.7.0/stm32cubeide/plugins/com.st.stm32cube.ide.mcu.externaltools.gnu-tools-for-stm32.9-2020-q2-update.win32_2.0.0.202105311346/tools/bin/../lib/gcc/arm-none-eabi/9.3.1/../../../../arm-none-eabi/lib/thumb/v7e-m+fp/hard\libc_nano.a(lib_a-assert.o)
                              ./Core/Src/ring_buffer.o (__assert_func)
c:/st/stm32cubeide_1.7.0/stm32cubeide/plugins/com.st.stm32cube.ide.mcu.externaltools.gnu-tools-for-stm32.9-2020-q2-update.win32_2.0.0.202105311346/tools/bin/../lib/gcc/arm-none-eabi/9.3.1/../../../../arm-none-eabi/lib/thumb/v7e-m+fp/hard\libc_nano.a(lib_a-errno.o)
                              ./Core/Src/syscalls.o (__errno)
c:/st/stm32cubeide_1.7.0/stm32cubeide/plugins/com.st.stm32cube.ide.mcu.externaltools.gnu-tools-for-stm32.9-2020-q2-update.win32_2.0.0.202105311346/tools/bin/../lib/gcc/arm-none-eabi/9.3.1/../../../../arm-none-eabi/lib/thumb/v7e-m+fp/hard\libc_nano.a(lib_a-exit.o)
                              c:/st/stm32cubeide_1.7.0/stm32cubeide/plugins/com.st.stm32cube.ide.mcu.externaltools.gnu-tools-for-stm32.9-2020-q2-update.win32_2.0.0.202105311346/tools/bin/../lib/gcc/arm-none-eabi/9.3.1/../../../../arm-none-eabi/lib/thumb/v7e-m+fp/hard/crt0.o (exit)
c:/st/stm32cubeide_1.7.0/stm32cubeide/plugins/com.st.stm32cube.ide.mcu.externaltools.gnu-tools-for-stm32.9-2020-q2-update.win32_2.0.0.202105311346/tools/bin/../lib/gcc/arm-none-eabi/9.3.1/../../../../arm-none-eabi/lib/thumb/v7e-m+fp/hard\libc_nano.a(lib_a-fprintf.o)
                              c:/st/stm32cubeide_1.7.0/stm32cubeide/plugins/com.st.stm32cube.ide.mcu.externaltools.gnu-tools-for-stm32.9-2020-q2-update.win32_2.0.0.202105311346/tools/bin/../lib/gcc/arm-none-eabi/9.3.1/../../../../arm-none-eabi/lib/thumb/v7e-m+fp/hard\libc_nano.a(lib_a-assert.o) (fiprintf)
c:/st/stm32cubeide_1.7.0/stm32cubeide/plugins/com.st.stm32cube.ide.mcu.externaltools.gnu-tools-for-stm32.9-2020-q2-update.win32_2.0.0.202105311346/tools/bin/../lib/gcc/arm-none-eabi/9.3.1/../../../../arm-none-eabi/lib/thumb/v7e-m+fp/hard\libc_nano.a(lib_a-impure.o)
                              c:/st/stm32cubeide_1.7.0/stm32cubeide/plugins/com.st.stm32cube.ide.mcu.externaltools.gnu-tools-for-stm32.9-2020-q2-update.win32_2.0.0.202105311346/tools/bin/../lib/gcc/arm-none-eabi/9.3.1/../../../../arm-none-eabi/lib/thumb/v7e-m+fp/hard\libc_nano.a(lib_a-exit.o) (_global_impure_ptr)
c:/st/stm32cubeide_1.7.0/stm32cubeide/plugins/com.st.stm32cube.ide.mcu.externaltools.gnu-tools-for-stm32.9-2020-q2-update.win32_2.0.0.202105311346/tools/bin/../lib/gcc/arm-none-eabi/9.3.1/../../../../arm-none-eabi/lib/thumb/v7e-m+fp/hard\libc_nano.a(lib_a-init.o)
                              c:/st/stm32cubeide_1.7.0/stm32cubeide/plugins/com.st.stm32cube.ide.mcu.externaltools.gnu-tools-for-stm32.9-2020-q2-update.win32_2.0.0.202105311346/tools/bin/../lib/gcc/arm-none-eabi/9.3.1/../../../../arm-none-eabi/lib/thumb/v7e-m+fp/hard/crt0.o (__libc_init_array)
c:/st/stm32cubeide_1.7.0/stm32cubeide/plugins/com.st.stm32cube.ide.mcu.externaltools.gnu-tools-for-stm32.9-2020-q2-update.win32_2.0.0.202105311346/tools/bin/../lib/gcc/arm-none-eabi/9.3.1/../../../../arm-none-eabi/lib/thumb/v7e-m+fp/hard\libc_nano.a(lib_a-memset.o)
                              c:/st/stm32cubeide_1.7.0/stm32cubeide/plugins/com.st.stm32cube.ide.mcu.externaltools.gnu-tools-for-stm32.9-2020-q2-update.win32_2.0.0.202105311346/tools/bin/../lib/gcc/arm-none-eabi/9.3.1/../../../../arm-none-eabi/lib/thumb/v7e-m+fp/hard/crt0.o (memset)
c:/st/stm32cubeide_1.7.0/stm32cubeide/plugins/com.st.stm32cube.ide.mcu.externaltools.gnu-tools-for-stm32.9-2020-q2-update.win32_2.0.0.202105311346/tools/bin/../lib/gcc/arm-none-eabi/9.3.1/../../../../arm-none-eabi/lib/thumb/v7e-m+fp/hard\libc_nano.a(lib_a-nano-vfprintf.o)
                              c:/st/stm32cubeide_1.7.0/stm32cubeide/plugins/com.st.stm32cube.ide.mcu.externaltools.gnu-tools-for-stm32.9-2020-q2-update.win32_2.0.0.202105311346/tools/bin/../lib/gcc/arm-none-eabi/9.3.1/../../../../arm-none-eabi/lib/thumb/v7e-m+fp/hard\libc_nano.a(lib_a-fprintf.o) (_vfprintf_r)
c:/st/stm32cubeide_1.7.0/stm32cubeide/plugins/com.st.stm32cube.ide.mcu.externaltools.gnu-tools-for-stm32.9-2020-q2-update.win32_2.0.0.202105311346/tools/bin/../lib/gcc/arm-none-eabi/9.3.1/../../../../arm-none-eabi/lib/thumb/v7e-m+fp/hard\libc_nano.a(lib_a-nano-vfprintf_i.o)
                              c:/st/stm32cubeide_1.7.0/stm32cubeide/plugins/com.st.stm32cube.ide.mcu.externaltools.gnu-tools-for-stm32.9-2020-q2-update.win32_2.0.0.202105311346/tools/bin/../lib/gcc/arm-none-eabi/9.3.1/../../../../arm-none-eabi/lib/thumb/v7e-m+fp/hard\libc_nano.a(lib_a-nano-vfprintf.o) (_printf_i)
c:/st/stm32cubeide_1.7.0/stm32cubeide/plugins/com.st.stm32cube.ide.mcu.externaltools.gnu-tools-for-stm32.9-2020-q2-update.win32_2.0.0.202105311346/tools/bin/../lib/gcc/arm-none-eabi/9.3.1/../../../../arm-none-eabi/lib/thumb/v7e-m+fp/hard\libc_nano.a(lib_a-printf.o)
[...]
Memory Configuration

Name             Origin             Length             Attributes
RAM              0x0000000020000000 0x0000000000020000 xrw
FLASH            0x0000000008000000 0x0000000000080000 xr
*default*        0x0000000000000000 0xffffffffffffffff

Linker script and memory map

LOAD c:/st/stm32cubeide_1.7.0/stm32cubeide/plugins/com.st.stm32cube.ide.mcu.externaltools.gnu-tools-for-stm32.9-2020-q2-update.win32_2.0.0.202105311346/tools/bin/../lib/gcc/arm-none-eabi/9.3.1/thumb/v7e-m+fp/hard/crti.o
LOAD c:/st/stm32cubeide_1.7.0/stm32cubeide/plugins/com.st.stm32cube.ide.mcu.externaltools.gnu-tools-for-stm32.9-2020-q2-update.win32_2.0.0.202105311346/tools/bin/../lib/gcc/arm-none-eabi/9.3.1/thumb/v7e-m+fp/hard/crtbegin.o
LOAD c:/st/stm32cubeide_1.7.0/stm32cubeide/plugins/com.st.stm32cube.ide.mcu.externaltools.gnu-tools-for-stm32.9-2020-q2-update.win32_2.0.0.202105311346/tools/bin/../lib/gcc/arm-none-eabi/9.3.1/../../../../arm-none-eabi/lib/thumb/v7e-m+fp/hard/crt0.o
LOAD ./Core/Src/bt_command_decode2.o
LOAD ./Core/Src/bt_command_send.o
LOAD ./Core/Src/core.o
LOAD ./Core/Src/main.o
LOAD ./Core/Src/ring_buffer.o
LOAD ./Core/Src/sha1.o
LOAD ./Core/Src/stm32f4xx_hal_msp.o
LOAD ./Core/Src/stm32f4xx_it.o
LOAD ./Core/Src/syscalls.o
LOAD ./Core/Src/sysmem.o
LOAD ./Core/Src/system_stm32f4xx.o
LOAD ./Core/Src/uart.o
LOAD ./Core/Startup/startup_stm32f446retx.o
LOAD ./Drivers/STM32F4xx_HAL_Driver/Src/stm32f4xx_hal.o
LOAD ./Drivers/STM32F4xx_HAL_Driver/Src/stm32f4xx_hal_cortex.o
LOAD ./Drivers/STM32F4xx_HAL_Driver/Src/stm32f4xx_hal_dma.o
LOAD ./Drivers/STM32F4xx_HAL_Driver/Src/stm32f4xx_hal_dma_ex.o
LOAD ./Drivers/STM32F4xx_HAL_Driver/Src/stm32f4xx_hal_exti.o
LOAD ./Drivers/STM32F4xx_HAL_Driver/Src/stm32f4xx_hal_flash.o
LOAD ./Drivers/STM32F4xx_HAL_Driver/Src/stm32f4xx_hal_flash_ex.o
LOAD ./Drivers/STM32F4xx_HAL_Driver/Src/stm32f4xx_hal_flash_ramfunc.o
LOAD ./Drivers/STM32F4xx_HAL_Driver/Src/stm32f4xx_hal_gpio.o
LOAD ./Drivers/STM32F4xx_HAL_Driver/Src/stm32f4xx_hal_pwr.o
LOAD ./Drivers/STM32F4xx_HAL_Driver/Src/stm32f4xx_hal_pwr_ex.o
LOAD ./Drivers/STM32F4xx_HAL_Driver/Src/stm32f4xx_hal_rcc.o
LOAD ./Drivers/STM32F4xx_HAL_Driver/Src/stm32f4xx_hal_rcc_ex.o
LOAD ./Drivers/STM32F4xx_HAL_Driver/Src/stm32f4xx_hal_tim.o
LOAD ./Drivers/STM32F4xx_HAL_Driver/Src/stm32f4xx_hal_tim_ex.o
LOAD ./Drivers/STM32F4xx_HAL_Driver/Src/stm32f4xx_hal_uart.o
START GROUP
LOAD c:/st/stm32cubeide_1.7.0/stm32cubeide/plugins/com.st.stm32cube.ide.mcu.externaltools.gnu-tools-for-stm32.9-2020-q2-update.win32_2.0.0.202105311346/tools/bin/../lib/gcc/arm-none-eabi/9.3.1/../../../../arm-none-eabi/lib/thumb/v7e-m+fp/hard\libc_nano.a
LOAD c:/st/stm32cubeide_1.7.0/stm32cubeide/plugins/com.st.stm32cube.ide.mcu.externaltools.gnu-tools-for-stm32.9-2020-q2-update.win32_2.0.0.202105311346/tools/bin/../lib/gcc/arm-none-eabi/9.3.1/../../../../arm-none-eabi/lib/thumb/v7e-m+fp/hard\libm.a
END GROUP
START GROUP
LOAD c:/st/stm32cubeide_1.7.0/stm32cubeide/plugins/com.st.stm32cube.ide.mcu.externaltools.gnu-tools-for-stm32.9-2020-q2-update.win32_2.0.0.202105311346/tools/bin/../lib/gcc/arm-none-eabi/9.3.1/thumb/v7e-m+fp/hard\libgcc.a
LOAD c:/st/stm32cubeide_1.7.0/stm32cubeide/plugins/com.st.stm32cube.ide.mcu.externaltools.gnu-tools-for-stm32.9-2020-q2-update.win32_2.0.0.202105311346/tools/bin/../lib/gcc/arm-none-eabi/9.3.1/../../../../arm-none-eabi/lib/thumb/v7e-m+fp/hard\libc_nano.a
END GROUP
START GROUP
LOAD c:/st/stm32cubeide_1.7.0/stm32cubeide/plugins/com.st.stm32cube.ide.mcu.externaltools.gnu-tools-for-stm32.9-2020-q2-update.win32_2.0.0.202105311346/tools/bin/../lib/gcc/arm-none-eabi/9.3.1/thumb/v7e-m+fp/hard\libgcc.a
LOAD c:/st/stm32cubeide_1.7.0/stm32cubeide/plugins/com.st.stm32cube.ide.mcu.externaltools.gnu-tools-for-stm32.9-2020-q2-update.win32_2.0.0.202105311346/tools/bin/../lib/gcc/arm-none-eabi/9.3.1/../../../../arm-none-eabi/lib/thumb/v7e-m+fp/hard\libc_nano.a
LOAD c:/st/stm32cubeide_1.7.0/stm32cubeide/plugins/com.st.stm32cube.ide.mcu.externaltools.gnu-tools-for-stm32.9-2020-q2-update.win32_2.0.0.202105311346/tools/bin/../lib/gcc/arm-none-eabi/9.3.1/../../../../arm-none-eabi/lib/thumb/v7e-m+fp/hard\libnosys.a
END GROUP
START GROUP
LOAD c:/st/stm32cubeide_1.7.0/stm32cubeide/plugins/com.st.stm32cube.ide.mcu.externaltools.gnu-tools-for-stm32.9-2020-q2-update.win32_2.0.0.202105311346/tools/bin/../lib/gcc/arm-none-eabi/9.3.1/thumb/v7e-m+fp/hard\libgcc.a
LOAD c:/st/stm32cubeide_1.7.0/stm32cubeide/plugins/com.st.stm32cube.ide.mcu.externaltools.gnu-tools-for-stm32.9-2020-q2-update.win32_2.0.0.202105311346/tools/bin/../lib/gcc/arm-none-eabi/9.3.1/../../../../arm-none-eabi/lib/thumb/v7e-m+fp/hard\libc_nano.a
LOAD c:/st/stm32cubeide_1.7.0/stm32cubeide/plugins/com.st.stm32cube.ide.mcu.externaltools.gnu-tools-for-stm32.9-2020-q2-update.win32_2.0.0.202105311346/tools/bin/../lib/gcc/arm-none-eabi/9.3.1/../../../../arm-none-eabi/lib/thumb/v7e-m+fp/hard\libnosys.a
END GROUP
LOAD c:/st/stm32cubeide_1.7.0/stm32cubeide/plugins/com.st.stm32cube.ide.mcu.externaltools.gnu-tools-for-stm32.9-2020-q2-update.win32_2.0.0.202105311346/tools/bin/../lib/gcc/arm-none-eabi/9.3.1/thumb/v7e-m+fp/hard/crtend.o
LOAD c:/st/stm32cubeide_1.7.0/stm32cubeide/plugins/com.st.stm32cube.ide.mcu.externaltools.gnu-tools-for-stm32.9-2020-q2-update.win32_2.0.0.202105311346/tools/bin/../lib/gcc/arm-none-eabi/9.3.1/thumb/v7e-m+fp/hard/crtn.o
                0x0000000020020000                _estack = (ORIGIN (RAM) + LENGTH (RAM))
                0x0000000000000200                _Min_Heap_Size = 0x200
                0x0000000000000400                _Min_Stack_Size = 0x400

.isr_vector     0x0000000008000000      0x1c4
                0x0000000008000000                . = ALIGN (0x4)
 *(.isr_vector)
 .isr_vector    0x0000000008000000      0x1c4 ./Core/Startup/startup_stm32f446retx.o
                0x0000000008000000                g_pfnVectors
                0x00000000080001c4                . = ALIGN (0x4)

.text           0x00000000080001d0     0x3d3c
                0x00000000080001d0                . = ALIGN (0x4)
 *(.text)
 .text          0x00000000080001d0       0x40 c:/st/stm32cubeide_1.7.0/stm32cubeide/plugins/com.st.stm32cube.ide.mcu.externaltools.gnu-tools-for-stm32.9-2020-q2-update.win32_2.0.0.202105311346/tools/bin/../lib/gcc/arm-none-eabi/9.3.1/thumb/v7e-m+fp/hard/crtbegin.o
 .text          0x0000000008000210       0xa0 c:/st/stm32cubeide_1.7.0/stm32cubeide/plugins/com.st.stm32cube.ide.mcu.externaltools.gnu-tools-for-stm32.9-2020-q2-update.win32_2.0.0.202105311346/tools/bin/../lib/gcc/arm-none-eabi/9.3.1/../../../../arm-none-eabi/lib/thumb/v7e-m+fp/hard\libc_nano.a(lib_a-memchr.o)
                0x0000000008000210                memchr
 .text          0x00000000080002b0       0x30 c:/st/stm32cubeide_1.7.0/stm32cubeide/plugins/com.st.stm32cube.ide.mcu.externaltools.gnu-tools-for-stm32.9-2020-q2-update.win32_2.0.0.202105311346/tools/bin/../lib/gcc/arm-none-eabi/9.3.1/thumb/v7e-m+fp/hard\libgcc.a(_aeabi_uldivmod.o)
                0x00000000080002b0                __aeabi_uldivmod
 .text          0x00000000080002e0      0x2c4 c:/st/stm32cubeide_1.7.0/stm32cubeide/plugins/com.st.stm32cube.ide.mcu.externaltools.gnu-tools-for-stm32.9-2020-q2-update.win32_2.0.0.202105311346/tools/bin/../lib/gcc/arm-none-eabi/9.3.1/thumb/v7e-m+fp/hard\libgcc.a(_udivmoddi4.o)
                0x00000000080002e0                __udivmoddi4
 .text          0x00000000080005a4        0x4 c:/st/stm32cubeide_1.7.0/stm32cubeide/plugins/com.st.stm32cube.ide.mcu.externaltools.gnu-tools-for-stm32.9-2020-q2-update.win32_2.0.0.202105311346/tools/bin/../lib/gcc/arm-none-eabi/9.3.1/thumb/v7e-m+fp/hard\libgcc.a(_dvmd_tls.o)
                0x00000000080005a4                __aeabi_idiv0
                0x00000000080005a4                __aeabi_ldiv0
 *(.text*)
 .text.BT_CommandDecodeInit
                0x00000000080005a8       0x24 ./Core/Src/bt_command_decode2.o
                0x00000000080005a8                BT_CommandDecodeInit
 .text.BT_CommandDecodeMain
                0x00000000080005cc       0x24 ./Core/Src/bt_command_decode2.o
                0x00000000080005cc                BT_CommandDecodeMain
 .text.BT_CommandHandler
                0x00000000080005f0      0x118 ./Core/Src/bt_command_decode2.o
                0x00000000080005f0                BT_CommandHandler
 .text.BT_CommandDecode
                0x0000000008000708       0x38 ./Core/Src/bt_command_decode2.o
                0x0000000008000708                BT_CommandDecode
 .text.CORE_EnterCriticalSection
                0x0000000008000740       0x12 ./Core/Src/core.o
                0x0000000008000740                CORE_EnterCriticalSection
 .text.CORE_ExitCriticalSection
                0x0000000008000752       0x12 ./Core/Src/core.o
                0x0000000008000752                CORE_ExitCriticalSection
 .text.main     0x0000000008000764       0x28 ./Core/Src/main.o
                0x0000000008000764                main
 .text.SystemClock_Config
                0x000000000800078c       0xc0 ./Core/Src/main.o
                0x000000000800078c                SystemClock_Config
 .text.MX_UART4_Init
                0x000000000800084c       0x54 ./Core/Src/main.o
 .text.MX_GPIO_Init
                0x00000000080008a0       0x34 ./Core/Src/main.o
 .text.Error_Handler
                0x00000000080008d4        0xa ./Core/Src/main.o
                0x00000000080008d4                Error_Handler
 *fill*         0x00000000080008de        0x2 
 .text.RingBuffer_Init
                0x00000000080008e0       0x94 ./Core/Src/ring_buffer.o
                0x00000000080008e0                RingBuffer_Init
 .text.RingBuffer_PutChar
                0x0000000008000974       0x84 ./Core/Src/ring_buffer.o
                0x0000000008000974                RingBuffer_PutChar
 .text.RingBuffer_GetChar
                0x00000000080009f8       0x9c ./Core/Src/ring_buffer.o
                0x00000000080009f8                RingBuffer_GetChar
 .text.HAL_MspInit
                0x0000000008000a94       0x50 ./Core/Src/stm32f4xx_hal_msp.o
                0x0000000008000a94                HAL_MspInit
 .text.HAL_UART_MspInit
                0x0000000008000ae4       0xa0 ./Core/Src/stm32f4xx_hal_msp.o
                0x0000000008000ae4                HAL_UART_MspInit
 .text.NMI_Handler
                0x0000000008000b84        0x6 ./Core/Src/stm32f4xx_it.o
                0x0000000008000b84                NMI_Handler
 .text.HardFault_Handler
                0x0000000008000b8a        0x6 ./Core/Src/stm32f4xx_it.o
                0x0000000008000b8a                HardFault_Handler
 .text.MemManage_Handler
                0x0000000008000b90        0x6 ./Core/Src/stm32f4xx_it.o
                0x0000000008000b90                MemManage_Handler
 .text.BusFault_Handler
                0x0000000008000b96        0x6 ./Core/Src/stm32f4xx_it.o
                0x0000000008000b96                BusFault_Handler
 .text.UsageFault_Handler
                0x0000000008000b9c        0x6 ./Core/Src/stm32f4xx_it.o
                0x0000000008000b9c                UsageFault_Handler
 .text.SVC_Handler
                0x0000000008000ba2        0xe ./Core/Src/stm32f4xx_it.o
                0x0000000008000ba2                SVC_Handler
 .text.DebugMon_Handler
                0x0000000008000bb0        0xe ./Core/Src/stm32f4xx_it.o
                0x0000000008000bb0                DebugMon_Handler
 .text.PendSV_Handler
                0x0000000008000bbe        0xe ./Core/Src/stm32f4xx_it.o
                0x0000000008000bbe                PendSV_Handler
 .text.SysTick_Handler
                0x0000000008000bcc        0xc ./Core/Src/stm32f4xx_it.o
                0x0000000008000bcc                SysTick_Handler
 .text.UART4_IRQHandler
                0x0000000008000bd8       0x14 ./Core/Src/stm32f4xx_it.o
                0x0000000008000bd8                UART4_IRQHandler
 .text._getpid  0x0000000008000bec       0x10 ./Core/Src/syscalls.o
                0x0000000008000bec                _getpid
 .text._kill    0x0000000008000bfc       0x20 ./Core/Src/syscalls.o
                0x0000000008000bfc                _kill
 .text._exit    0x0000000008000c1c       0x14 ./Core/Src/syscalls.o
                0x0000000008000c1c                _exit
 .text._read    0x0000000008000c30       0x3a ./Core/Src/syscalls.o
                0x0000000008000c30                _read
 .text._close   0x0000000008000c6a       0x18 ./Core/Src/syscalls.o
                0x0000000008000c6a                _close
 .text._fstat   0x0000000008000c82       0x20 ./Core/Src/syscalls.o
                0x0000000008000c82                _fstat
 .text._isatty  0x0000000008000ca2       0x16 ./Core/Src/syscalls.o
                0x0000000008000ca2                _isatty
 .text._lseek   0x0000000008000cb8       0x1a ./Core/Src/syscalls.o
                0x0000000008000cb8                _lseek
 *fill*         0x0000000008000cd2        0x2 
 .text._sbrk    0x0000000008000cd4       0x6c ./Core/Src/sysmem.o
                0x0000000008000cd4                _sbrk
 .text.SystemInit
                0x0000000008000d40       0x24 ./Core/Src/system_stm32f4xx.o
                0x0000000008000d40                SystemInit
 .text._write   0x0000000008000d64       0x20 ./Core/Src/uart.o
                0x0000000008000d64                _write
 .text.USART_WriteData
                0x0000000008000d84       0x94 ./Core/Src/uart.o
                0x0000000008000d84                USART_WriteData
 .text.USART_GetChar
                0x0000000008000e18       0x3c ./Core/Src/uart.o
                0x0000000008000e18                USART_GetChar
 .text.HAL_UART_RxCpltCallback
                0x0000000008000e54       0x48 ./Core/Src/uart.o
                0x0000000008000e54                HAL_UART_RxCpltCallback
 .text.HAL_UART_TxCpltCallback
                0x0000000008000e9c       0x58 ./Core/Src/uart.o
                0x0000000008000e9c                HAL_UART_TxCpltCallback
 .text.USART_Init
                0x0000000008000ef4       0x54 ./Core/Src/uart.o
                0x0000000008000ef4                USART_Init
 .text.Reset_Handler
                0x0000000008000f48       0x50 ./Core/Startup/startup_stm32f446retx.o
                0x0000000008000f48                Reset_Handler
 .text.Default_Handler
                0x0000000008000f98        0x2 ./Core/Startup/startup_stm32f446retx.o
                0x0000000008000f98                RTC_Alarm_IRQHandler
                0x0000000008000f98                EXTI2_IRQHandler
                0x0000000008000f98                TIM8_CC_IRQHandler
                0x0000000008000f98                FMPI2C1_EV_IRQHandler
                0x0000000008000f98                SPI4_IRQHandler
                0x0000000008000f98                TIM1_CC_IRQHandler
                0x0000000008000f98                DMA2_Stream5_IRQHandler
                0x0000000008000f98                DMA1_Stream5_IRQHandler
                0x0000000008000f98                PVD_IRQHandler
                0x0000000008000f98                SDIO_IRQHandler
                0x0000000008000f98                TAMP_STAMP_IRQHandler
                0x0000000008000f98                CAN2_RX1_IRQHandler
                0x0000000008000f98                EXTI3_IRQHandler
                0x0000000008000f98                TIM8_TRG_COM_TIM14_IRQHandler
                0x0000000008000f98                TIM1_UP_TIM10_IRQHandler
                0x0000000008000f98                TIM8_UP_TIM13_IRQHandler
                0x0000000008000f98                I2C3_ER_IRQHandler
                0x0000000008000f98                EXTI0_IRQHandler
                0x0000000008000f98                I2C2_EV_IRQHandler
                0x0000000008000f98                DMA1_Stream2_IRQHandler
                0x0000000008000f98                CAN1_RX0_IRQHandler
                0x0000000008000f98                FPU_IRQHandler
                0x0000000008000f98                OTG_HS_WKUP_IRQHandler
                0x0000000008000f98                CAN2_SCE_IRQHandler
                0x0000000008000f98                DMA2_Stream2_IRQHandler
                0x0000000008000f98                SPI1_IRQHandler
                0x0000000008000f98                TIM6_DAC_IRQHandler
                0x0000000008000f98                TIM1_BRK_TIM9_IRQHandler
                0x0000000008000f98                DCMI_IRQHandler
                0x0000000008000f98                CAN2_RX0_IRQHandler
                0x0000000008000f98                DMA2_Stream3_IRQHandler
                0x0000000008000f98                SAI2_IRQHandler
                0x0000000008000f98                USART6_IRQHandler
                0x0000000008000f98                USART3_IRQHandler
                0x0000000008000f98                CAN1_RX1_IRQHandler
                0x0000000008000f98                UART5_IRQHandler
                0x0000000008000f98                DMA2_Stream0_IRQHandler
                0x0000000008000f98                TIM4_IRQHandler
                0x0000000008000f98                QUADSPI_IRQHandler
                0x0000000008000f98                I2C1_EV_IRQHandler
                0x0000000008000f98                DMA1_Stream6_IRQHandler
                0x0000000008000f98                DMA1_Stream1_IRQHandler
                0x0000000008000f98                TIM3_IRQHandler
                0x0000000008000f98                RCC_IRQHandler
                0x0000000008000f98                TIM8_BRK_TIM12_IRQHandler
                0x0000000008000f98                Default_Handler
                0x0000000008000f98                CEC_IRQHandler
                0x0000000008000f98                EXTI15_10_IRQHandler
                0x0000000008000f98                ADC_IRQHandler
                0x0000000008000f98                DMA1_Stream7_IRQHandler
                0x0000000008000f98                TIM7_IRQHandler
                0x0000000008000f98                CAN2_TX_IRQHandler
                0x0000000008000f98                TIM5_IRQHandler
                0x0000000008000f98                DMA2_Stream7_IRQHandler
                0x0000000008000f98                I2C3_EV_IRQHandler
                0x0000000008000f98                EXTI9_5_IRQHandler
                0x0000000008000f98                RTC_WKUP_IRQHandler
                0x0000000008000f98                SPDIF_RX_IRQHandler
                0x0000000008000f98                SPI2_IRQHandler
                0x0000000008000f98                OTG_HS_EP1_IN_IRQHandler
                0x0000000008000f98                DMA1_Stream0_IRQHandler
                0x0000000008000f98                CAN1_TX_IRQHandler
                0x0000000008000f98                FMPI2C1_ER_IRQHandler
                0x0000000008000f98                EXTI4_IRQHandler
                0x0000000008000f98                OTG_HS_EP1_OUT_IRQHandler
                0x0000000008000f98                WWDG_IRQHandler
                0x0000000008000f98                TIM2_IRQHandler
                0x0000000008000f98                OTG_FS_WKUP_IRQHandler
                0x0000000008000f98                TIM1_TRG_COM_TIM11_IRQHandler
                0x0000000008000f98                OTG_HS_IRQHandler
                0x0000000008000f98                EXTI1_IRQHandler
                0x0000000008000f98                USART2_IRQHandler
                0x0000000008000f98                I2C2_ER_IRQHandler
                0x0000000008000f98                DMA2_Stream1_IRQHandler
                0x0000000008000f98                CAN1_SCE_IRQHandler
                0x0000000008000f98                FLASH_IRQHandler
                0x0000000008000f98                DMA2_Stream4_IRQHandler
                0x0000000008000f98                USART1_IRQHandler
                0x0000000008000f98                OTG_FS_IRQHandler
                0x0000000008000f98                SPI3_IRQHandler
                0x0000000008000f98                DMA1_Stream4_IRQHandler
                0x0000000008000f98                I2C1_ER_IRQHandler
                0x0000000008000f98                FMC_IRQHandler
                0x0000000008000f98                DMA2_Stream6_IRQHandler
                0x0000000008000f98                SAI1_IRQHandler
                0x0000000008000f98                DMA1_Stream3_IRQHandler
 *fill*         0x0000000008000f9a        0x2 
 .text.HAL_Init
                0x0000000008000f9c       0x44 ./Drivers/STM32F4xx_HAL_Driver/Src/stm32f4xx_hal.o
                0x0000000008000f9c                HAL_Init
 .text.HAL_InitTick
                0x0000000008000fe0       0x60 ./Drivers/STM32F4xx_HAL_Driver/Src/stm32f4xx_hal.o
                0x0000000008000fe0                HAL_InitTick
 .text.HAL_IncTick
                0x0000000008001040       0x28 ./Drivers/STM32F4xx_HAL_Driver/Src/stm32f4xx_hal.o
                0x0000000008001040                HAL_IncTick
 .text.HAL_GetTick
                0x0000000008001068       0x18 ./Drivers/STM32F4xx_HAL_Driver/Src/stm32f4xx_hal.o
                0x0000000008001068                HAL_GetTick
 .text.__NVIC_SetPriorityGrouping
                0x0000000008001080       0x48 ./Drivers/STM32F4xx_HAL_Driver/Src/stm32f4xx_hal_cortex.o
 .text.__NVIC_GetPriorityGrouping
                0x00000000080010c8       0x1c ./Drivers/STM32F4xx_HAL_Driver/Src/stm32f4xx_hal_cortex.o
 .text.__NVIC_EnableIRQ
                0x00000000080010e4       0x3c ./Drivers/STM32F4xx_HAL_Driver/Src/stm32f4xx_hal_cortex.o
 .text.__NVIC_SetPriority
                0x0000000008001120       0x54 ./Drivers/STM32F4xx_HAL_Driver/Src/stm32f4xx_hal_cortex.o
 .text.NVIC_EncodePriority
                0x0000000008001174       0x66 ./Drivers/STM32F4xx_HAL_Driver/Src/stm32f4xx_hal_cortex.o
 *fill*         0x00000000080011da        0x2 
 .text.SysTick_Config
                0x00000000080011dc       0x44 ./Drivers/STM32F4xx_HAL_Driver/Src/stm32f4xx_hal_cortex.o
 .text.HAL_NVIC_SetPriorityGrouping
                0x0000000008001220       0x16 ./Drivers/STM32F4xx_HAL_Driver/Src/stm32f4xx_hal_cortex.o
                0x0000000008001220                HAL_NVIC_SetPriorityGrouping
 .text.HAL_NVIC_SetPriority
                0x0000000008001236       0x38 ./Drivers/STM32F4xx_HAL_Driver/Src/stm32f4xx_hal_cortex.o
                0x0000000008001236                HAL_NVIC_SetPriority
 .text.HAL_NVIC_EnableIRQ
                0x000000000800126e       0x1c ./Drivers/STM32F4xx_HAL_Driver/Src/stm32f4xx_hal_cortex.o
                0x000000000800126e                HAL_NVIC_EnableIRQ
 .text.HAL_SYSTICK_Config
                0x000000000800128a       0x18 ./Drivers/STM32F4xx_HAL_Driver/Src/stm32f4xx_hal_cortex.o
                0x000000000800128a                HAL_SYSTICK_Config
 .text.HAL_DMA_Abort
                0x00000000080012a2       0xe0 ./Drivers/STM32F4xx_HAL_Driver/Src/stm32f4xx_hal_dma.o
                0x00000000080012a2                HAL_DMA_Abort
 .text.HAL_DMA_Abort_IT
                0x0000000008001382       0x44 ./Drivers/STM32F4xx_HAL_Driver/Src/stm32f4xx_hal_dma.o
                0x0000000008001382                HAL_DMA_Abort_IT
 *fill*         0x00000000080013c6        0x2 
 .text.HAL_GPIO_Init
                0x00000000080013c8      0x328 ./Drivers/STM32F4xx_HAL_Driver/Src/stm32f4xx_hal_gpio.o
                0x00000000080013c8                HAL_GPIO_Init
 .text.HAL_RCC_ClockConfig
                0x00000000080016f0      0x1cc ./Drivers/STM32F4xx_HAL_Driver/Src/stm32f4xx_hal_rcc.o
                0x00000000080016f0                HAL_RCC_ClockConfig
 .text.HAL_RCC_GetHCLKFreq
                0x00000000080018bc       0x18 ./Drivers/STM32F4xx_HAL_Driver/Src/stm32f4xx_hal_rcc.o
                0x00000000080018bc                HAL_RCC_GetHCLKFreq
 .text.HAL_RCC_GetPCLK1Freq
                0x00000000080018d4       0x28 ./Drivers/STM32F4xx_HAL_Driver/Src/stm32f4xx_hal_rcc.o
                0x00000000080018d4                HAL_RCC_GetPCLK1Freq
 .text.HAL_RCC_GetPCLK2Freq
                0x00000000080018fc       0x28 ./Drivers/STM32F4xx_HAL_Driver/Src/stm32f4xx_hal_rcc.o
                0x00000000080018fc                HAL_RCC_GetPCLK2Freq
 .text.HAL_RCC_GetSysClockFreq
                0x0000000008001924      0x2b8 ./Drivers/STM32F4xx_HAL_Driver/Src/stm32f4xx_hal_rcc_ex.o
                0x0000000008001924                HAL_RCC_GetSysClockFreq
 .text.HAL_RCC_OscConfig
                0x0000000008001bdc      0x53c ./Drivers/STM32F4xx_HAL_Driver/Src/stm32f4xx_hal_rcc_ex.o
                0x0000000008001bdc                HAL_RCC_OscConfig
 .text.HAL_UART_Init
                0x0000000008002118       0x9a ./Drivers/STM32F4xx_HAL_Driver/Src/stm32f4xx_hal_uart.o
                0x0000000008002118                HAL_UART_Init
 .text.HAL_UART_Transmit_IT
                0x00000000080021b2       0x8a ./Drivers/STM32F4xx_HAL_Driver/Src/stm32f4xx_hal_uart.o
                0x00000000080021b2                HAL_UART_Transmit_IT
 .text.HAL_UART_Receive_IT
                0x000000000800223c       0x60 ./Drivers/STM32F4xx_HAL_Driver/Src/stm32f4xx_hal_uart.o
                0x000000000800223c                HAL_UART_Receive_IT
 .text.HAL_UART_IRQHandler
                0x000000000800229c      0x51c ./Drivers/STM32F4xx_HAL_Driver/Src/stm32f4xx_hal_uart.o
                0x000000000800229c                HAL_UART_IRQHandler
 .text.HAL_UART_ErrorCallback
                0x00000000080027b8       0x14 ./Drivers/STM32F4xx_HAL_Driver/Src/stm32f4xx_hal_uart.o
                0x00000000080027b8                HAL_UART_ErrorCallback
 .text.HAL_UARTEx_RxEventCallback
                0x00000000080027cc       0x18 ./Drivers/STM32F4xx_HAL_Driver/Src/stm32f4xx_hal_uart.o
                0x00000000080027cc                HAL_UARTEx_RxEventCallback
 .text.UART_Start_Receive_IT
                0x00000000080027e4       0x74 ./Drivers/STM32F4xx_HAL_Driver/Src/stm32f4xx_hal_uart.o
                0x00000000080027e4                UART_Start_Receive_IT
 .text.UART_EndRxTransfer
                0x0000000008002858       0xc6 ./Drivers/STM32F4xx_HAL_Driver/Src/stm32f4xx_hal_uart.o
 .text.UART_DMAAbortOnError
                0x000000000800291e       0x28 ./Drivers/STM32F4xx_HAL_Driver/Src/stm32f4xx_hal_uart.o
 .text.UART_Transmit_IT
                0x0000000008002946       0xa0 ./Drivers/STM32F4xx_HAL_Driver/Src/stm32f4xx_hal_uart.o
 .text.UART_EndTransmit_IT
                0x00000000080029e6       0x30 ./Drivers/STM32F4xx_HAL_Driver/Src/stm32f4xx_hal_uart.o
 .text.UART_Receive_IT
                0x0000000008002a16      0x176 ./Drivers/STM32F4xx_HAL_Driver/Src/stm32f4xx_hal_uart.o
 .text.UART_SetConfig
                0x0000000008002b8c      0x390 ./Drivers/STM32F4xx_HAL_Driver/Src/stm32f4xx_hal_uart.o
 .text.__assert_func
                0x0000000008002f1c       0x3c c:/st/stm32cubeide_1.7.0/stm32cubeide/plugins/com.st.stm32cube.ide.mcu.externaltools.gnu-tools-for-stm32.9-2020-q2-update.win32_2.0.0.202105311346/tools/bin/../lib/gcc/arm-none-eabi/9.3.1/../../../../arm-none-eabi/lib/thumb/v7e-m+fp/hard\libc_nano.a(lib_a-assert.o)
                0x0000000008002f1c                __assert_func
 .text.__errno  0x0000000008002f58        0xc c:/st/stm32cubeide_1.7.0/stm32cubeide/plugins/com.st.stm32cube.ide.mcu.externaltools.gnu-tools-for-stm32.9-2020-q2-update.win32_2.0.0.202105311346/tools/bin/../lib/gcc/arm-none-eabi/9.3.1/../../../../arm-none-eabi/lib/thumb/v7e-m+fp/hard\libc_nano.a(lib_a-errno.o)
                0x0000000008002f58                __errno
 .text.fprintf  0x0000000008002f64       0x24 c:/st/stm32cubeide_1.7.0/stm32cubeide/plugins/com.st.stm32cube.ide.mcu.externaltools.gnu-tools-for-stm32.9-2020-q2-update.win32_2.0.0.202105311346/tools/bin/../lib/gcc/arm-none-eabi/9.3.1/../../../../arm-none-eabi/lib/thumb/v7e-m+fp/hard\libc_nano.a(lib_a-fprintf.o)
                0x0000000008002f64                fiprintf
                0x0000000008002f64                fprintf
 .text.__libc_init_array
                0x0000000008002f88       0x48 c:/st/stm32cubeide_1.7.0/stm32cubeide/plugins/com.st.stm32cube.ide.mcu.externaltools.gnu-tools-for-stm32.9-2020-q2-update.win32_2.0.0.202105311346/tools/bin/../lib/gcc/arm-none-eabi/9.3.1/../../../../arm-none-eabi/lib/thumb/v7e-m+fp/hard\libc_nano.a(lib_a-init.o)
                0x0000000008002f88                __libc_init_array
 .text.memset   0x0000000008002fd0       0x10 c:/st/stm32cubeide_1.7.0/stm32cubeide/plugins/com.st.stm32cube.ide.mcu.externaltools.gnu-tools-for-stm32.9-2020-q2-update.win32_2.0.0.202105311346/tools/bin/../lib/gcc/arm-none-eabi/9.3.1/../../../../arm-none-eabi/lib/thumb/v7e-m+fp/hard\libc_nano.a(lib_a-memset.o)
                0x0000000008002fd0                memset
 .text.__sfputc_r
                0x0000000008002fe0       0x2e c:/st/stm32cubeide_1.7.0/stm32cubeide/plugins/com.st.stm32cube.ide.mcu.externaltools.gnu-tools-for-stm32.9-2020-q2-update.win32_2.0.0.202105311346/tools/bin/../lib/gcc/arm-none-eabi/9.3.1/../../../../arm-none-eabi/lib/thumb/v7e-m+fp/hard\libc_nano.a(lib_a-nano-vfprintf.o)
 .text.__sfputs_r
                0x000000000800300e       0x24 c:/st/stm32cubeide_1.7.0/stm32cubeide/plugins/com.st.stm32cube.ide.mcu.externaltools.gnu-tools-for-stm32.9-2020-q2-update.win32_2.0.0.202105311346/tools/bin/../lib/gcc/arm-none-eabi/9.3.1/../../../../arm-none-eabi/lib/thumb/v7e-m+fp/hard\libc_nano.a(lib_a-nano-vfprintf.o)
                0x000000000800300e                __sfputs_r
 *fill*         0x0000000008003032        0x2 
 .text._vfprintf_r
                0x0000000008003034      0x260 c:/st/stm32cubeide_1.7.0/stm32cubeide/plugins/com.st.stm32cube.ide.mcu.externaltools.gnu-tools-for-stm32.9-2020-q2-update.win32_2.0.0.202105311346/tools/bin/../lib/gcc/arm-none-eabi/9.3.1/../../../../arm-none-eabi/lib/thumb/v7e-m+fp/hard\libc_nano.a(lib_a-nano-vfprintf.o)
                0x0000000008003034                _vfprintf_r
                0x0000000008003034                _vfiprintf_r
 .text._printf_common
                0x0000000008003294       0xda c:/st/stm32cubeide_1.7.0/stm32cubeide/plugins/com.st.stm32cube.ide.mcu.externaltools.gnu-tools-for-stm32.9-2020-q2-update.win32_2.0.0.202105311346/tools/bin/../lib/gcc/arm-none-eabi/9.3.1/../../../../arm-none-eabi/lib/thumb/v7e-m+fp/hard\libc_nano.a(lib_a-nano-vfprintf_i.o)
                0x0000000008003294                _printf_common
 *fill*         0x000000000800336e        0x2 
 .text._printf_i
                0x0000000008003370      0x24c c:/st/stm32cubeide_1.7.0/stm32cubeide/plugins/com.st.stm32cube.ide.mcu.externaltools.gnu-tools-for-stm32.9-2020-q2-update.win32_2.0.0.202105311346/tools/bin/../lib/gcc/arm-none-eabi/9.3.1/../../../../arm-none-eabi/lib/thumb/v7e-m+fp/hard\libc_nano.a(lib_a-nano-vfprintf_i.o)
                0x0000000008003370                _printf_i
 .text.__swbuf_r
                0x00000000080035bc       0xa4 c:/st/stm32cubeide_1.7.0/stm32cubeide/plugins/com.st.stm32cube.ide.mcu.externaltools.gnu-tools-for-stm32.9-2020-q2-update.win32_2.0.0.202105311346/tools/bin/../lib/gcc/arm-none-eabi/9.3.1/../../../../arm-none-eabi/lib/thumb/v7e-m+fp/hard\libc_nano.a(lib_a-wbuf.o)
                0x00000000080035bc                __swbuf_r
 .text.__swsetup_r
                0x0000000008003660       0xdc c:/st/stm32cubeide_1.7.0/stm32cubeide/plugins/com.st.stm32cube.ide.mcu.externaltools.gnu-tools-for-stm32.9-2020-q2-update.win32_2.0.0.202105311346/tools/bin/../lib/gcc/arm-none-eabi/9.3.1/../../../../arm-none-eabi/lib/thumb/v7e-m+fp/hard\libc_nano.a(lib_a-wsetup.o)
                0x0000000008003660                __swsetup_r
 .text.abort    0x000000000800373c        0xe c:/st/stm32cubeide_1.7.0/stm32cubeide/plugins/com.st.stm32cube.ide.mcu.externaltools.gnu-tools-for-stm32.9-2020-q2-update.win32_2.0.0.202105311346/tools/bin/../lib/gcc/arm-none-eabi/9.3.1/../../../../arm-none-eabi/lib/thumb/v7e-m+fp/hard\libc_nano.a(lib_a-abort.o)
                0x000000000800373c                abort
 *fill*         0x000000000800374a        0x2 
 .text.__sflush_r
                0x000000000800374c      0x10c c:/st/stm32cubeide_1.7.0/stm32cubeide/plugins/com.st.stm32cube.ide.mcu.externaltools.gnu-tools-for-stm32.9-2020-q2-update.win32_2.0.0.202105311346/tools/bin/../lib/gcc/arm-none-eabi/9.3.1/../../../../arm-none-eabi/lib/thumb/v7e-m+fp/hard\libc_nano.a(lib_a-fflush.o)
                0x000000000800374c                __sflush_r
 .text._fflush_r
                0x0000000008003858       0x78 c:/st/stm32cubeide_1.7.0/stm32cubeide/plugins/com.st.stm32cube.ide.mcu.externaltools.gnu-tools-for-stm32.9-2020-q2-update.win32_2.0.0.202105311346/tools/bin/../lib/gcc/arm-none-eabi/9.3.1/../../../../arm-none-eabi/lib/thumb/v7e-m+fp/hard\libc_nano.a(lib_a-fflush.o)
                0x0000000008003858                _fflush_r
 .text.std      0x00000000080038d0       0x48 c:/st/stm32cubeide_1.7.0/stm32cubeide/plugins/com.st.stm32cube.ide.mcu.externaltools.gnu-tools-for-stm32.9-2020-q2-update.win32_2.0.0.202105311346/tools/bin/../lib/gcc/arm-none-eabi/9.3.1/../../../../arm-none-eabi/lib/thumb/v7e-m+fp/hard\libc_nano.a(lib_a-findfp.o)
 .text._cleanup_r
                0x0000000008003918        0xc c:/st/stm32cubeide_1.7.0/stm32cubeide/plugins/com.st.stm32cube.ide.mcu.externaltools.gnu-tools-for-stm32.9-2020-q2-update.win32_2.0.0.202105311346/tools/bin/../lib/gcc/arm-none-eabi/9.3.1/../../../../arm-none-eabi/lib/thumb/v7e-m+fp/hard\libc_nano.a(lib_a-findfp.o)
                0x0000000008003918                _cleanup_r
 .text.__sfmoreglue
                0x0000000008003924       0x2c c:/st/stm32cubeide_1.7.0/stm32cubeide/plugins/com.st.stm32cube.ide.mcu.externaltools.gnu-tools-for-stm32.9-2020-q2-update.win32_2.0.0.202105311346/tools/bin/../lib/gcc/arm-none-eabi/9.3.1/../../../../arm-none-eabi/lib/thumb/v7e-m+fp/hard\libc_nano.a(lib_a-findfp.o)
                0x0000000008003924                __sfmoreglue
 .text.__sfp_lock_acquire
                0x0000000008003950        0xc c:/st/stm32cubeide_1.7.0/stm32cubeide/plugins/com.st.stm32cube.ide.mcu.externaltools.gnu-tools-for-stm32.9-2020-q2-update.win32_2.0.0.202105311346/tools/bin/../lib/gcc/arm-none-eabi/9.3.1/../../../../arm-none-eabi/lib/thumb/v7e-m+fp/hard\libc_nano.a(lib_a-findfp.o)
                0x0000000008003950                __sfp_lock_acquire
 .text.__sfp_lock_release
                0x000000000800395c        0xc c:/st/stm32cubeide_1.7.0/stm32cubeide/plugins/com.st.stm32cube.ide.mcu.externaltools.gnu-tools-for-stm32.9-2020-q2-update.win32_2.0.0.202105311346/tools/bin/../lib/gcc/arm-none-eabi/9.3.1/../../../../arm-none-eabi/lib/thumb/v7e-m+fp/hard\libc_nano.a(lib_a-findfp.o)
                0x000000000800395c                __sfp_lock_release
 .text.__sinit_lock_acquire
                0x0000000008003968        0xc c:/st/stm32cubeide_1.7.0/stm32cubeide/plugins/com.st.stm32cube.ide.mcu.externaltools.gnu-tools-for-stm32.9-2020-q2-update.win32_2.0.0.202105311346/tools/bin/../lib/gcc/arm-none-eabi/9.3.1/../../../../arm-none-eabi/lib/thumb/v7e-m+fp/hard\libc_nano.a(lib_a-findfp.o)
                0x0000000008003968                __sinit_lock_acquire
 .text.__sinit_lock_release
                0x0000000008003974        0xc c:/st/stm32cubeide_1.7.0/stm32cubeide/plugins/com.st.stm32cube.ide.mcu.externaltools.gnu-tools-for-stm32.9-2020-q2-update.win32_2.0.0.202105311346/tools/bin/../lib/gcc/arm-none-eabi/9.3.1/../../../../arm-none-eabi/lib/thumb/v7e-m+fp/hard\libc_nano.a(lib_a-findfp.o)
                0x0000000008003974                __sinit_lock_release
 .text.__sinit  0x0000000008003980       0x70 c:/st/stm32cubeide_1.7.0/stm32cubeide/plugins/com.st.stm32cube.ide.mcu.externaltools.gnu-tools-for-stm32.9-2020-q2-update.win32_2.0.0.202105311346/tools/bin/../lib/gcc/arm-none-eabi/9.3.1/../../../../arm-none-eabi/lib/thumb/v7e-m+fp/hard\libc_nano.a(lib_a-findfp.o)
                0x0000000008003980                __sinit
 .text.__sfp    0x00000000080039f0       0x8c c:/st/stm32cubeide_1.7.0/stm32cubeide/plugins/com.st.stm32cube.ide.mcu.externaltools.gnu-tools-for-stm32.9-2020-q2-update.win32_2.0.0.202105311346/tools/bin/../lib/gcc/arm-none-eabi/9.3.1/../../../../arm-none-eabi/lib/thumb/v7e-m+fp/hard\libc_nano.a(lib_a-findfp.o)
                0x00000000080039f0                __sfp
 .text._fwalk_reent
                0x0000000008003a7c       0x3e c:/st/stm32cubeide_1.7.0/stm32cubeide/plugins/com.st.stm32cube.ide.mcu.externaltools.gnu-tools-for-stm32.9-2020-q2-update.win32_2.0.0.202105311346/tools/bin/../lib/gcc/arm-none-eabi/9.3.1/../../../../arm-none-eabi/lib/thumb/v7e-m+fp/hard\libc_nano.a(lib_a-fwalk.o)
                0x0000000008003a7c                _fwalk_reent
 .text.__retarget_lock_init_recursive
                0x0000000008003aba        0x2 c:/st/stm32cubeide_1.7.0/stm32cubeide/plugins/com.st.stm32cube.ide.mcu.externaltools.gnu-tools-for-stm32.9-2020-q2-update.win32_2.0.0.202105311346/tools/bin/../lib/gcc/arm-none-eabi/9.3.1/../../../../arm-none-eabi/lib/thumb/v7e-m+fp/hard\libc_nano.a(lib_a-lock.o)
                0x0000000008003aba                __retarget_lock_init_recursive
 .text.__retarget_lock_acquire_recursive
                0x0000000008003abc        0x2 c:/st/stm32cubeide_1.7.0/stm32cubeide/plugins/com.st.stm32cube.ide.mcu.externaltools.gnu-tools-for-stm32.9-2020-q2-update.win32_2.0.0.202105311346/tools/bin/../lib/gcc/arm-none-eabi/9.3.1/../../../../arm-none-eabi/lib/thumb/v7e-m+fp/hard\libc_nano.a(lib_a-lock.o)
                0x0000000008003abc                __retarget_lock_acquire_recursive
 .text.__retarget_lock_release_recursive
                0x0000000008003abe        0x2 c:/st/stm32cubeide_1.7.0/stm32cubeide/plugins/com.st.stm32cube.ide.mcu.externaltools.gnu-tools-for-stm32.9-2020-q2-update.win32_2.0.0.202105311346/tools/bin/../lib/gcc/arm-none-eabi/9.3.1/../../../../arm-none-eabi/lib/thumb/v7e-m+fp/hard\libc_nano.a(lib_a-lock.o)
                0x0000000008003abe                __retarget_lock_release_recursive
 .text.__swhatbuf_r
                0x0000000008003ac0       0x48 c:/st/stm32cubeide_1.7.0/stm32cubeide/plugins/com.st.stm32cube.ide.mcu.externaltools.gnu-tools-for-stm32.9-2020-q2-update.win32_2.0.0.202105311346/tools/bin/../lib/gcc/arm-none-eabi/9.3.1/../../../../arm-none-eabi/lib/thumb/v7e-m+fp/hard\libc_nano.a(lib_a-makebuf.o)
                0x0000000008003ac0                __swhatbuf_r
 .text.__smakebuf_r
                0x0000000008003b08       0x80 c:/st/stm32cubeide_1.7.0/stm32cubeide/plugins/com.st.stm32cube.ide.mcu.externaltools.gnu-tools-for-stm32.9-2020-q2-update.win32_2.0.0.202105311346/tools/bin/../lib/gcc/arm-none-eabi/9.3.1/../../../../arm-none-eabi/lib/thumb/v7e-m+fp/hard\libc_nano.a(lib_a-makebuf.o)
                0x0000000008003b08                __smakebuf_r
 .text._free_r  0x0000000008003b88       0xa0 c:/st/stm32cubeide_1.7.0/stm32cubeide/plugins/com.st.stm32cube.ide.mcu.externaltools.gnu-tools-for-stm32.9-2020-q2-update.win32_2.0.0.202105311346/tools/bin/../lib/gcc/arm-none-eabi/9.3.1/../../../../arm-none-eabi/lib/thumb/v7e-m+fp/hard\libc_nano.a(lib_a-nano-freer.o)
                0x0000000008003b88                _free_r
 .text._malloc_r
                0x0000000008003c28       0xb4 c:/st/stm32cubeide_1.7.0/stm32cubeide/plugins/com.st.stm32cube.ide.mcu.externaltools.gnu-tools-for-stm32.9-2020-q2-update.win32_2.0.0.202105311346/tools/bin/../lib/gcc/arm-none-eabi/9.3.1/../../../../arm-none-eabi/lib/thumb/v7e-m+fp/hard\libc_nano.a(lib_a-nano-mallocr.o)
                0x0000000008003c28                _malloc_r
 .text._sbrk_r  0x0000000008003cdc       0x20 c:/st/stm32cubeide_1.7.0/stm32cubeide/plugins/com.st.stm32cube.ide.mcu.externaltools.gnu-tools-for-stm32.9-2020-q2-update.win32_2.0.0.202105311346/tools/bin/../lib/gcc/arm-none-eabi/9.3.1/../../../../arm-none-eabi/lib/thumb/v7e-m+fp/hard\libc_nano.a(lib_a-sbrkr.o)
                0x0000000008003cdc                _sbrk_r
 .text._raise_r
                0x0000000008003cfc       0x50 c:/st/stm32cubeide_1.7.0/stm32cubeide/plugins/com.st.stm32cube.ide.mcu.externaltools.gnu-tools-for-stm32.9-2020-q2-update.win32_2.0.0.202105311346/tools/bin/../lib/gcc/arm-none-eabi/9.3.1/../../../../arm-none-eabi/lib/thumb/v7e-m+fp/hard\libc_nano.a(lib_a-signal.o)
                0x0000000008003cfc                _raise_r
 .text.raise    0x0000000008003d4c       0x10 c:/st/stm32cubeide_1.7.0/stm32cubeide/plugins/com.st.stm32cube.ide.mcu.externaltools.gnu-tools-for-stm32.9-2020-q2-update.win32_2.0.0.202105311346/tools/bin/../lib/gcc/arm-none-eabi/9.3.1/../../../../arm-none-eabi/lib/thumb/v7e-m+fp/hard\libc_nano.a(lib_a-signal.o)
                0x0000000008003d4c                raise
 .text._kill_r  0x0000000008003d5c       0x24 c:/st/stm32cubeide_1.7.0/stm32cubeide/plugins/com.st.stm32cube.ide.mcu.externaltools.gnu-tools-for-stm32.9-2020-q2-update.win32_2.0.0.202105311346/tools/bin/../lib/gcc/arm-none-eabi/9.3.1/../../../../arm-none-eabi/lib/thumb/v7e-m+fp/hard\libc_nano.a(lib_a-signalr.o)
                0x0000000008003d5c                _kill_r
 .text._getpid_r
                0x0000000008003d80        0x4 c:/st/stm32cubeide_1.7.0/stm32cubeide/plugins/com.st.stm32cube.ide.mcu.externaltools.gnu-tools-for-stm32.9-2020-q2-update.win32_2.0.0.202105311346/tools/bin/../lib/gcc/arm-none-eabi/9.3.1/../../../../arm-none-eabi/lib/thumb/v7e-m+fp/hard\libc_nano.a(lib_a-signalr.o)
                0x0000000008003d80                _getpid_r
 .text.__sread  0x0000000008003d84       0x22 c:/st/stm32cubeide_1.7.0/stm32cubeide/plugins/com.st.stm32cube.ide.mcu.externaltools.gnu-tools-for-stm32.9-2020-q2-update.win32_2.0.0.202105311346/tools/bin/../lib/gcc/arm-none-eabi/9.3.1/../../../../arm-none-eabi/lib/thumb/v7e-m+fp/hard\libc_nano.a(lib_a-stdio.o)
                0x0000000008003d84                __sread
 .text.__swrite
                0x0000000008003da6       0x38 c:/st/stm32cubeide_1.7.0/stm32cubeide/plugins/com.st.stm32cube.ide.mcu.externaltools.gnu-tools-for-stm32.9-2020-q2-update.win32_2.0.0.202105311346/tools/bin/../lib/gcc/arm-none-eabi/9.3.1/../../../../arm-none-eabi/lib/thumb/v7e-m+fp/hard\libc_nano.a(lib_a-stdio.o)
                0x0000000008003da6                __swrite
 .text.__sseek  0x0000000008003dde       0x24 c:/st/stm32cubeide_1.7.0/stm32cubeide/plugins/com.st.stm32cube.ide.mcu.externaltools.gnu-tools-for-stm32.9-2020-q2-update.win32_2.0.0.202105311346/tools/bin/../lib/gcc/arm-none-eabi/9.3.1/../../../../arm-none-eabi/lib/thumb/v7e-m+fp/hard\libc_nano.a(lib_a-stdio.o)
                0x0000000008003dde                __sseek
 .text.__sclose
                0x0000000008003e02        0x8 c:/st/stm32cubeide_1.7.0/stm32cubeide/plugins/com.st.stm32cube.ide.mcu.externaltools.gnu-tools-for-stm32.9-2020-q2-update.win32_2.0.0.202105311346/tools/bin/../lib/gcc/arm-none-eabi/9.3.1/../../../../arm-none-eabi/lib/thumb/v7e-m+fp/hard\libc_nano.a(lib_a-stdio.o)
                0x0000000008003e02                __sclose
 *fill*         0x0000000008003e0a        0x2 
 .text._write_r
                0x0000000008003e0c       0x24 c:/st/stm32cubeide_1.7.0/stm32cubeide/plugins/com.st.stm32cube.ide.mcu.externaltools.gnu-tools-for-stm32.9-2020-q2-update.win32_2.0.0.202105311346/tools/bin/../lib/gcc/arm-none-eabi/9.3.1/../../../../arm-none-eabi/lib/thumb/v7e-m+fp/hard\libc_nano.a(lib_a-writer.o)
                0x0000000008003e0c                _write_r
 .text._close_r
                0x0000000008003e30       0x20 c:/st/stm32cubeide_1.7.0/stm32cubeide/plugins/com.st.stm32cube.ide.mcu.externaltools.gnu-tools-for-stm32.9-2020-q2-update.win32_2.0.0.202105311346/tools/bin/../lib/gcc/arm-none-eabi/9.3.1/../../../../arm-none-eabi/lib/thumb/v7e-m+fp/hard\libc_nano.a(lib_a-closer.o)
                0x0000000008003e30                _close_r
 .text._fstat_r
                0x0000000008003e50       0x24 c:/st/stm32cubeide_1.7.0/stm32cubeide/plugins/com.st.stm32cube.ide.mcu.externaltools.gnu-tools-for-stm32.9-2020-q2-update.win32_2.0.0.202105311346/tools/bin/../lib/gcc/arm-none-eabi/9.3.1/../../../../arm-none-eabi/lib/thumb/v7e-m+fp/hard\libc_nano.a(lib_a-fstatr.o)
                0x0000000008003e50                _fstat_r
 .text._isatty_r
                0x0000000008003e74       0x20 c:/st/stm32cubeide_1.7.0/stm32cubeide/plugins/com.st.stm32cube.ide.mcu.externaltools.gnu-tools-for-stm32.9-2020-q2-update.win32_2.0.0.202105311346/tools/bin/../lib/gcc/arm-none-eabi/9.3.1/../../../../arm-none-eabi/lib/thumb/v7e-m+fp/hard\libc_nano.a(lib_a-isattyr.o)
                0x0000000008003e74                _isatty_r
 .text._lseek_r
                0x0000000008003e94       0x24 c:/st/stm32cubeide_1.7.0/stm32cubeide/plugins/com.st.stm32cube.ide.mcu.externaltools.gnu-tools-for-stm32.9-2020-q2-update.win32_2.0.0.202105311346/tools/bin/../lib/gcc/arm-none-eabi/9.3.1/../../../../arm-none-eabi/lib/thumb/v7e-m+fp/hard\libc_nano.a(lib_a-lseekr.o)
                0x0000000008003e94                _lseek_r
 .text.__malloc_lock
                0x0000000008003eb8        0xc c:/st/stm32cubeide_1.7.0/stm32cubeide/plugins/com.st.stm32cube.ide.mcu.externaltools.gnu-tools-for-stm32.9-2020-q2-update.win32_2.0.0.202105311346/tools/bin/../lib/gcc/arm-none-eabi/9.3.1/../../../../arm-none-eabi/lib/thumb/v7e-m+fp/hard\libc_nano.a(lib_a-mlock.o)
                0x0000000008003eb8                __malloc_lock
 .text.__malloc_unlock
                0x0000000008003ec4        0xc c:/st/stm32cubeide_1.7.0/stm32cubeide/plugins/com.st.stm32cube.ide.mcu.externaltools.gnu-tools-for-stm32.9-2020-q2-update.win32_2.0.0.202105311346/tools/bin/../lib/gcc/arm-none-eabi/9.3.1/../../../../arm-none-eabi/lib/thumb/v7e-m+fp/hard\libc_nano.a(lib_a-mlock.o)
                0x0000000008003ec4                __malloc_unlock
 .text._read_r  0x0000000008003ed0       0x24 c:/st/stm32cubeide_1.7.0/stm32cubeide/plugins/com.st.stm32cube.ide.mcu.externaltools.gnu-tools-for-stm32.9-2020-q2-update.win32_2.0.0.202105311346/tools/bin/../lib/gcc/arm-none-eabi/9.3.1/../../../../arm-none-eabi/lib/thumb/v7e-m+fp/hard\libc_nano.a(lib_a-readr.o)
                0x0000000008003ed0                _read_r
 *(.glue_7)
 .glue_7        0x0000000008003ef4        0x0 linker stubs
 *(.glue_7t)
 .glue_7t       0x0000000008003ef4        0x0 linker stubs
 *(.eh_frame)
 .eh_frame      0x0000000008003ef4        0x0 c:/st/stm32cubeide_1.7.0/stm32cubeide/plugins/com.st.stm32cube.ide.mcu.externaltools.gnu-tools-for-stm32.9-2020-q2-update.win32_2.0.0.202105311346/tools/bin/../lib/gcc/arm-none-eabi/9.3.1/thumb/v7e-m+fp/hard/crtbegin.o
 *(.init)
 .init          0x0000000008003ef4        0x4 c:/st/stm32cubeide_1.7.0/stm32cubeide/plugins/com.st.stm32cube.ide.mcu.externaltools.gnu-tools-for-stm32.9-2020-q2-update.win32_2.0.0.202105311346/tools/bin/../lib/gcc/arm-none-eabi/9.3.1/thumb/v7e-m+fp/hard/crti.o
                0x0000000008003ef4                _init
 .init          0x0000000008003ef8        0x8 c:/st/stm32cubeide_1.7.0/stm32cubeide/plugins/com.st.stm32cube.ide.mcu.externaltools.gnu-tools-for-stm32.9-2020-q2-update.win32_2.0.0.202105311346/tools/bin/../lib/gcc/arm-none-eabi/9.3.1/thumb/v7e-m+fp/hard/crtn.o
 *(.fini)
 .fini          0x0000000008003f00        0x4 c:/st/stm32cubeide_1.7.0/stm32cubeide/plugins/com.st.stm32cube.ide.mcu.externaltools.gnu-tools-for-stm32.9-2020-q2-update.win32_2.0.0.202105311346/tools/bin/../lib/gcc/arm-none-eabi/9.3.1/thumb/v7e-m+fp/hard/crti.o
                0x0000000008003f00                _fini
 .fini          0x0000000008003f04        0x8 c:/st/stm32cubeide_1.7.0/stm32cubeide/plugins/com.st.stm32cube.ide.mcu.externaltools.gnu-tools-for-stm32.9-2020-q2-update.win32_2.0.0.202105311346/tools/bin/../lib/gcc/arm-none-eabi/9.3.1/thumb/v7e-m+fp/hard/crtn.o
                0x0000000008003f0c                . = ALIGN (0x4)
                0x0000000008003f0c                _etext = .

.vfp11_veneer   0x0000000008003f0c        0x0
 .vfp11_veneer  0x0000000008003f0c        0x0 linker stubs

.v4_bx          0x0000000008003f0c        0x0
 .v4_bx         0x0000000008003f0c        0x0 linker stubs

.iplt           0x0000000008003f0c        0x0
 .iplt          0x0000000008003f0c        0x0 c:/st/stm32cubeide_1.7.0/stm32cubeide/plugins/com.st.stm32cube.ide.mcu.externaltools.gnu-tools-for-stm32.9-2020-q2-update.win32_2.0.0.202105311346/tools/bin/../lib/gcc/arm-none-eabi/9.3.1/thumb/v7e-m+fp/hard/crtbegin.o

.rodata         0x0000000008003f0c      0x1c0
                0x0000000008003f0c                . = ALIGN (0x4)
 *(.rodata)
 .rodata        0x0000000008003f0c       0x9a ./Core/Src/ring_buffer.o
 *(.rodata*)
 *fill*         0x0000000008003fa6        0x2 
 .rodata.__func__.6642
                0x0000000008003fa8       0x10 ./Core/Src/ring_buffer.o
 .rodata.__func__.6663
                0x0000000008003fb8       0x13 ./Core/Src/ring_buffer.o
 *fill*         0x0000000008003fcb        0x1 
 .rodata.__func__.6668
                0x0000000008003fcc       0x13 ./Core/Src/ring_buffer.o
 *fill*         0x0000000008003fdf        0x1 
 .rodata.AHBPrescTable
                0x0000000008003fe0       0x10 ./Core/Src/system_stm32f4xx.o
                0x0000000008003fe0                AHBPrescTable
 .rodata.APBPrescTable
                0x0000000008003ff0        0x8 ./Core/Src/system_stm32f4xx.o
                0x0000000008003ff0                APBPrescTable
 .rodata.__assert_func.str1.1
                0x0000000008003ff8       0x3c c:/st/stm32cubeide_1.7.0/stm32cubeide/plugins/com.st.stm32cube.ide.mcu.externaltools.gnu-tools-for-stm32.9-2020-q2-update.win32_2.0.0.202105311346/tools/bin/../lib/gcc/arm-none-eabi/9.3.1/../../../../arm-none-eabi/lib/thumb/v7e-m+fp/hard\libc_nano.a(lib_a-assert.o)
                                         0x3d (size before relaxing)
 .rodata._global_impure_ptr
                0x0000000008004034        0x4 c:/st/stm32cubeide_1.7.0/stm32cubeide/plugins/com.st.stm32cube.ide.mcu.externaltools.gnu-tools-for-stm32.9-2020-q2-update.win32_2.0.0.202105311346/tools/bin/../lib/gcc/arm-none-eabi/9.3.1/../../../../arm-none-eabi/lib/thumb/v7e-m+fp/hard\libc_nano.a(lib_a-impure.o)
                0x0000000008004034                _global_impure_ptr
 .rodata._vfprintf_r.str1.1
                0x0000000008004038       0x11 c:/st/stm32cubeide_1.7.0/stm32cubeide/plugins/com.st.stm32cube.ide.mcu.externaltools.gnu-tools-for-stm32.9-2020-q2-update.win32_2.0.0.202105311346/tools/bin/../lib/gcc/arm-none-eabi/9.3.1/../../../../arm-none-eabi/lib/thumb/v7e-m+fp/hard\libc_nano.a(lib_a-nano-vfprintf.o)
 .rodata._printf_i.str1.1
                0x0000000008004049       0x22 c:/st/stm32cubeide_1.7.0/stm32cubeide/plugins/com.st.stm32cube.ide.mcu.externaltools.gnu-tools-for-stm32.9-2020-q2-update.win32_2.0.0.202105311346/tools/bin/../lib/gcc/arm-none-eabi/9.3.1/../../../../arm-none-eabi/lib/thumb/v7e-m+fp/hard\libc_nano.a(lib_a-nano-vfprintf_i.o)
 *fill*         0x000000000800406b        0x1 
 .rodata.__sf_fake_stderr
                0x000000000800406c       0x20 c:/st/stm32cubeide_1.7.0/stm32cubeide/plugins/com.st.stm32cube.ide.mcu.externaltools.gnu-tools-for-stm32.9-2020-q2-update.win32_2.0.0.202105311346/tools/bin/../lib/gcc/arm-none-eabi/9.3.1/../../../../arm-none-eabi/lib/thumb/v7e-m+fp/hard\libc_nano.a(lib_a-findfp.o)
                0x000000000800406c                __sf_fake_stderr
 .rodata.__sf_fake_stdin
                0x000000000800408c       0x20 c:/st/stm32cubeide_1.7.0/stm32cubeide/plugins/com.st.stm32cube.ide.mcu.externaltools.gnu-tools-for-stm32.9-2020-q2-update.win32_2.0.0.202105311346/tools/bin/../lib/gcc/arm-none-eabi/9.3.1/../../../../arm-none-eabi/lib/thumb/v7e-m+fp/hard\libc_nano.a(lib_a-findfp.o)
                0x000000000800408c                __sf_fake_stdin
 .rodata.__sf_fake_stdout
                0x00000000080040ac       0x20 c:/st/stm32cubeide_1.7.0/stm32cubeide/plugins/com.st.stm32cube.ide.mcu.externaltools.gnu-tools-for-stm32.9-2020-q2-update.win32_2.0.0.202105311346/tools/bin/../lib/gcc/arm-none-eabi/9.3.1/../../../../arm-none-eabi/lib/thumb/v7e-m+fp/hard\libc_nano.a(lib_a-findfp.o)
                0x00000000080040ac                __sf_fake_stdout
                0x00000000080040cc                . = ALIGN (0x4)

.ARM.extab      0x00000000080040cc        0x0
                0x00000000080040cc                . = ALIGN (0x4)
 *(.ARM.extab* .gnu.linkonce.armextab.*)
                0x00000000080040cc                . = ALIGN (0x4)

.ARM            0x00000000080040cc        0x8
                0x00000000080040cc                . = ALIGN (0x4)
                0x00000000080040cc                __exidx_start = .
 *(.ARM.exidx*)
 .ARM.exidx     0x00000000080040cc        0x8 c:/st/stm32cubeide_1.7.0/stm32cubeide/plugins/com.st.stm32cube.ide.mcu.externaltools.gnu-tools-for-stm32.9-2020-q2-update.win32_2.0.0.202105311346/tools/bin/../lib/gcc/arm-none-eabi/9.3.1/thumb/v7e-m+fp/hard\libgcc.a(_udivmoddi4.o)
                0x00000000080040d4                __exidx_end = .
                0x00000000080040d4                . = ALIGN (0x4)

.rel.dyn        0x00000000080040d4        0x0
 .rel.iplt      0x00000000080040d4        0x0 c:/st/stm32cubeide_1.7.0/stm32cubeide/plugins/com.st.stm32cube.ide.mcu.externaltools.gnu-tools-for-stm32.9-2020-q2-update.win32_2.0.0.202105311346/tools/bin/../lib/gcc/arm-none-eabi/9.3.1/thumb/v7e-m+fp/hard/crtbegin.o

.preinit_array  0x00000000080040d4        0x0
                0x00000000080040d4                . = ALIGN (0x4)
                0x00000000080040d4                PROVIDE (__preinit_array_start = .)
 *(.preinit_array*)
                0x00000000080040d4                PROVIDE (__preinit_array_end = .)
                0x00000000080040d4                . = ALIGN (0x4)

.init_array     0x00000000080040d4        0x4
                0x00000000080040d4                . = ALIGN (0x4)
                0x00000000080040d4                PROVIDE (__init_array_start = .)
 *(SORT_BY_NAME(.init_array.*))
 *(.init_array*)
 .init_array    0x00000000080040d4        0x4 c:/st/stm32cubeide_1.7.0/stm32cubeide/plugins/com.st.stm32cube.ide.mcu.externaltools.gnu-tools-for-stm32.9-2020-q2-update.win32_2.0.0.202105311346/tools/bin/../lib/gcc/arm-none-eabi/9.3.1/thumb/v7e-m+fp/hard/crtbegin.o
                0x00000000080040d8                PROVIDE (__init_array_end = .)
                0x00000000080040d8                . = ALIGN (0x4)

.fini_array     0x00000000080040d8        0x4
                0x00000000080040d8                . = ALIGN (0x4)
                [!provide]                        PROVIDE (__fini_array_start = .)
 *(SORT_BY_NAME(.fini_array.*))
 *(.fini_array*)
 .fini_array    0x00000000080040d8        0x4 c:/st/stm32cubeide_1.7.0/stm32cubeide/plugins/com.st.stm32cube.ide.mcu.externaltools.gnu-tools-for-stm32.9-2020-q2-update.win32_2.0.0.202105311346/tools/bin/../lib/gcc/arm-none-eabi/9.3.1/thumb/v7e-m+fp/hard/crtbegin.o
                [!provide]                        PROVIDE (__fini_array_end = .)
                0x00000000080040dc                . = ALIGN (0x4)
                0x00000000080040dc                _sidata = LOADADDR (.data)

.data           0x0000000020000000       0x70 load address 0x00000000080040dc
                0x0000000020000000                . = ALIGN (0x4)
                0x0000000020000000                _sdata = .
 *(.data)
 *(.data*)
 .data.SystemCoreClock
                0x0000000020000000        0x4 ./Core/Src/system_stm32f4xx.o
                0x0000000020000000                SystemCoreClock
 .data.uwTickPrio
                0x0000000020000004        0x4 ./Drivers/STM32F4xx_HAL_Driver/Src/stm32f4xx_hal.o
                0x0000000020000004                uwTickPrio
 .data.uwTickFreq
                0x0000000020000008        0x1 ./Drivers/STM32F4xx_HAL_Driver/Src/stm32f4xx_hal.o
                0x0000000020000008                uwTickFreq
 *fill*         0x0000000020000009        0x3 
 .data._impure_ptr
                0x000000002000000c        0x4 c:/st/stm32cubeide_1.7.0/stm32cubeide/plugins/com.st.stm32cube.ide.mcu.externaltools.gnu-tools-for-stm32.9-2020-q2-update.win32_2.0.0.202105311346/tools/bin/../lib/gcc/arm-none-eabi/9.3.1/../../../../arm-none-eabi/lib/thumb/v7e-m+fp/hard\libc_nano.a(lib_a-impure.o)
                0x000000002000000c                _impure_ptr
 .data.impure_data
                0x0000000020000010       0x60 c:/st/stm32cubeide_1.7.0/stm32cubeide/plugins/com.st.stm32cube.ide.mcu.externaltools.gnu-tools-for-stm32.9-2020-q2-update.win32_2.0.0.202105311346/tools/bin/../lib/gcc/arm-none-eabi/9.3.1/../../../../arm-none-eabi/lib/thumb/v7e-m+fp/hard\libc_nano.a(lib_a-impure.o)
 *(.RamFunc)
 *(.RamFunc*)
                0x0000000020000070                . = ALIGN (0x4)
                0x0000000020000070                _edata = .

.igot.plt       0x0000000020000070        0x0 load address 0x000000000800414c
 .igot.plt      0x0000000020000070        0x0 c:/st/stm32cubeide_1.7.0/stm32cubeide/plugins/com.st.stm32cube.ide.mcu.externaltools.gnu-tools-for-stm32.9-2020-q2-update.win32_2.0.0.202105311346/tools/bin/../lib/gcc/arm-none-eabi/9.3.1/thumb/v7e-m+fp/hard/crtbegin.o
                0x0000000020000070                . = ALIGN (0x4)

.bss            0x0000000020000070      0x988 load address 0x000000000800414c
                0x0000000020000070                _sbss = .
                0x0000000020000070                __bss_start__ = _sbss
 *(.bss)
 .bss           0x0000000020000070       0x1c c:/st/stm32cubeide_1.7.0/stm32cubeide/plugins/com.st.stm32cube.ide.mcu.externaltools.gnu-tools-for-stm32.9-2020-q2-update.win32_2.0.0.202105311346/tools/bin/../lib/gcc/arm-none-eabi/9.3.1/thumb/v7e-m+fp/hard/crtbegin.o
 *(.bss*)
 .bss.BT_CmdDecodeState
                0x000000002000008c        0x1 ./Core/Src/bt_command_decode2.o
 .bss.BT_CmdDecodeCmdLength
                0x000000002000008d        0x1 ./Core/Src/bt_command_decode2.o
 .bss.BT_CmdDecodeChecksum
                0x000000002000008e        0x1 ./Core/Src/bt_command_decode2.o
 .bss.BT_CmdDecodeDataCnt
                0x000000002000008f        0x1 ./Core/Src/bt_command_decode2.o
 .bss.BT_CmdBufferPt
                0x0000000020000090        0x2 ./Core/Src/bt_command_decode2.o
 *fill*         0x0000000020000092        0x2 
 .bss.__sbrk_heap_end
                0x0000000020000094        0x4 ./Core/Src/sysmem.o
 .bss.rcv_char  0x0000000020000098        0x1 ./Core/Src/uart.o
 .bss.flag      0x0000000020000099        0x1 ./Core/Src/uart.o
 *fill*         0x000000002000009a        0x2 
 .bss.huart_ptr
                0x000000002000009c        0x4 ./Core/Src/uart.o
 .bss.USART_RingBuffer_Tx
                0x00000000200000a0       0x14 ./Core/Src/uart.o
 .bss.RingBufferData_Tx
                0x00000000200000b4      0x400 ./Core/Src/uart.o
 .bss.USART_RingBuffer_Rx
                0x00000000200004b4       0x14 ./Core/Src/uart.o
 .bss.RingBufferData_Rx
                0x00000000200004c8      0x400 ./Core/Src/uart.o
 .bss.c.9014    0x00000000200008c8        0x1 ./Core/Src/uart.o
 .bss.c.9038    0x00000000200008c9        0x1 ./Core/Src/uart.o
 *fill*         0x00000000200008ca        0x2 
 .bss.__malloc_free_list
                0x00000000200008cc        0x4 c:/st/stm32cubeide_1.7.0/stm32cubeide/plugins/com.st.stm32cube.ide.mcu.externaltools.gnu-tools-for-stm32.9-2020-q2-update.win32_2.0.0.202105311346/tools/bin/../lib/gcc/arm-none-eabi/9.3.1/../../../../arm-none-eabi/lib/thumb/v7e-m+fp/hard\libc_nano.a(lib_a-nano-mallocr.o)
                0x00000000200008cc                __malloc_free_list
 .bss.__malloc_sbrk_start
                0x00000000200008d0        0x4 c:/st/stm32cubeide_1.7.0/stm32cubeide/plugins/com.st.stm32cube.ide.mcu.externaltools.gnu-tools-for-stm32.9-2020-q2-update.win32_2.0.0.202105311346/tools/bin/../lib/gcc/arm-none-eabi/9.3.1/../../../../arm-none-eabi/lib/thumb/v7e-m+fp/hard\libc_nano.a(lib_a-nano-mallocr.o)
                0x00000000200008d0                __malloc_sbrk_start
 *(COMMON)
 COMMON         0x00000000200008d4       0xc9 ./Core/Src/bt_command_decode2.o
                0x00000000200008d4                BT_CmdBuffer
                0x000000002000099c                BT_CmdDecodedFlag
 *fill*         0x000000002000099d        0x3 
 COMMON         0x00000000200009a0       0x44 ./Core/Src/main.o
                0x00000000200009a0                huart4
 COMMON         0x00000000200009e4        0x4 ./Drivers/STM32F4xx_HAL_Driver/Src/stm32f4xx_hal.o
                0x00000000200009e4                uwTick
 COMMON         0x00000000200009e8        0x9 c:/st/stm32cubeide_1.7.0/stm32cubeide/plugins/com.st.stm32cube.ide.mcu.externaltools.gnu-tools-for-stm32.9-2020-q2-update.win32_2.0.0.202105311346/tools/bin/../lib/gcc/arm-none-eabi/9.3.1/../../../../arm-none-eabi/lib/thumb/v7e-m+fp/hard\libc_nano.a(lib_a-lock.o)
                0x00000000200009e8                __lock___atexit_recursive_mutex
                0x00000000200009e9                __lock___arc4random_mutex
                0x00000000200009ea                __lock___env_recursive_mutex
                0x00000000200009eb                __lock___sinit_recursive_mutex
                0x00000000200009ec                __lock___malloc_recursive_mutex
                0x00000000200009ed                __lock___at_quick_exit_mutex
                0x00000000200009ee                __lock___dd_hash_mutex
                0x00000000200009ef                __lock___tz_mutex
                0x00000000200009f0                __lock___sfp_recursive_mutex
 *fill*         0x00000000200009f1        0x3 
 COMMON         0x00000000200009f4        0x4 c:/st/stm32cubeide_1.7.0/stm32cubeide/plugins/com.st.stm32cube.ide.mcu.externaltools.gnu-tools-for-stm32.9-2020-q2-update.win32_2.0.0.202105311346/tools/bin/../lib/gcc/arm-none-eabi/9.3.1/../../../../arm-none-eabi/lib/thumb/v7e-m+fp/hard\libc_nano.a(lib_a-reent.o)
                0x00000000200009f4                errno
                0x00000000200009f8                . = ALIGN (0x4)
                0x00000000200009f8                _ebss = .
                0x00000000200009f8                __bss_end__ = _ebss

._user_heap_stack
                0x00000000200009f8      0x600 load address 0x000000000800414c
                0x00000000200009f8                . = ALIGN (0x8)
                [!provide]                        PROVIDE (end = .)
                0x00000000200009f8                PROVIDE (_end = .)
                0x0000000020000bf8                . = (. + _Min_Heap_Size)
 *fill*         0x00000000200009f8      0x200 
                0x0000000020000ff8                . = (. + _Min_Stack_Size)
 *fill*         0x0000000020000bf8      0x400 
                0x0000000020000ff8                . = ALIGN (0x8)

/DISCARD/
 libc.a(*)
 libm.a(*)
 libgcc.a(*)

.ARM.attributes
                0x0000000000000000       0x30
 *(.ARM.attributes)
 .ARM.attributes
                0x0000000000000000       0x1e c:/st/stm32cubeide_1.7.0/stm32cubeide/plugins/com.st.stm32cube.ide.mcu.externaltools.gnu-tools-for-stm32.9-2020-q2-update.win32_2.0.0.202105311346/tools/bin/../lib/gcc/arm-none-eabi/9.3.1/thumb/v7e-m+fp/hard/crti.o
 .ARM.attributes
                0x000000000000001e       0x34 c:/st/stm32cubeide_1.7.0/stm32cubeide/plugins/com.st.stm32cube.ide.mcu.externaltools.gnu-tools-for-stm32.9-2020-q2-update.win32_2.0.0.202105311346/tools/bin/../lib/gcc/arm-none-eabi/9.3.1/thumb/v7e-m+fp/hard/crtbegin.o
 .ARM.attributes
                0x0000000000000052       0x34 ./Core/Src/bt_command_decode2.o
 .ARM.attributes
                0x0000000000000086       0x34 ./Core/Src/core.o
 .ARM.attributes
                0x00000000000000ba       0x34 ./Core/Src/main.o
 .ARM.attributes
                0x00000000000000ee       0x34 ./Core/Src/ring_buffer.o
 .ARM.attributes
                0x0000000000000122       0x34 ./Core/Src/stm32f4xx_hal_msp.o
 .ARM.attributes
                0x0000000000000156       0x34 ./Core/Src/stm32f4xx_it.o
 .ARM.attributes
                0x000000000000018a       0x34 ./Core/Src/syscalls.o
 .ARM.attributes
                0x00000000000001be       0x34 ./Core/Src/sysmem.o
 .ARM.attributes
                0x00000000000001f2       0x34 ./Core/Src/system_stm32f4xx.o
 .ARM.attributes
                0x0000000000000226       0x34 ./Core/Src/uart.o
 .ARM.attributes
                0x000000000000025a       0x21 ./Core/Startup/startup_stm32f446retx.o
 .ARM.attributes
                0x000000000000027b       0x34 ./Drivers/STM32F4xx_HAL_Driver/Src/stm32f4xx_hal.o
 .ARM.attributes
                0x00000000000002af       0x34 ./Drivers/STM32F4xx_HAL_Driver/Src/stm32f4xx_hal_cortex.o
 .ARM.attributes
                0x00000000000002e3       0x34 ./Drivers/STM32F4xx_HAL_Driver/Src/stm32f4xx_hal_dma.o
 .ARM.attributes
                0x0000000000000317       0x34 ./Drivers/STM32F4xx_HAL_Driver/Src/stm32f4xx_hal_gpio.o
 .ARM.attributes
                0x000000000000034b       0x34 ./Drivers/STM32F4xx_HAL_Driver/Src/stm32f4xx_hal_rcc.o
 .ARM.attributes
                0x000000000000037f       0x34 ./Drivers/STM32F4xx_HAL_Driver/Src/stm32f4xx_hal_rcc_ex.o
 .ARM.attributes
                0x00000000000003b3       0x34 ./Drivers/STM32F4xx_HAL_Driver/Src/stm32f4xx_hal_uart.o
 .ARM.attributes
                0x00000000000003e7       0x34 c:/st/stm32cubeide_1.7.0/stm32cubeide/plugins/com.st.stm32cube.ide.mcu.externaltools.gnu-tools-for-stm32.9-2020-q2-update.win32_2.0.0.202105311346/tools/bin/../lib/gcc/arm-none-eabi/9.3.1/../../../../arm-none-eabi/lib/thumb/v7e-m+fp/hard\libc_nano.a(lib_a-assert.o)
 .ARM.attributes
                0x000000000000041b       0x34 c:/st/stm32cubeide_1.7.0/stm32cubeide/plugins/com.st.stm32cube.ide.mcu.externaltools.gnu-tools-for-stm32.9-2020-q2-update.win32_2.0.0.202105311346/tools/bin/../lib/gcc/arm-none-eabi/9.3.1/../../../../arm-none-eabi/lib/thumb/v7e-m+fp/hard\libc_nano.a(lib_a-errno.o)
 .ARM.attributes
                0x000000000000044f       0x34 c:/st/stm32cubeide_1.7.0/stm32cubeide/plugins/com.st.stm32cube.ide.mcu.externaltools.gnu-tools-for-stm32.9-2020-q2-update.win32_2.0.0.202105311346/tools/bin/../lib/gcc/arm-none-eabi/9.3.1/../../../../arm-none-eabi/lib/thumb/v7e-m+fp/hard\libc_nano.a(lib_a-fprintf.o)
 .ARM.attributes
                0x0000000000000483       0x32 c:/st/stm32cubeide_1.7.0/stm32cubeide/plugins/com.st.stm32cube.ide.mcu.externaltools.gnu-tools-for-stm32.9-2020-q2-update.win32_2.0.0.202105311346/tools/bin/../lib/gcc/arm-none-eabi/9.3.1/../../../../arm-none-eabi/lib/thumb/v7e-m+fp/hard\libc_nano.a(lib_a-impure.o)
 .ARM.attributes
                0x00000000000004b5       0x34 c:/st/stm32cubeide_1.7.0/stm32cubeide/plugins/com.st.stm32cube.ide.mcu.externaltools.gnu-tools-for-stm32.9-2020-q2-update.win32_2.0.0.202105311346/tools/bin/../lib/gcc/arm-none-eabi/9.3.1/../../../../arm-none-eabi/lib/thumb/v7e-m+fp/hard\libc_nano.a(lib_a-init.o)
 .ARM.attributes
                0x00000000000004e9       0x34 c:/st/stm32cubeide_1.7.0/stm32cubeide/plugins/com.st.stm32cube.ide.mcu.externaltools.gnu-tools-for-stm32.9-2020-q2-update.win32_2.0.0.202105311346/tools/bin/../lib/gcc/arm-none-eabi/9.3.1/../../../../arm-none-eabi/lib/thumb/v7e-m+fp/hard\libc_nano.a(lib_a-memset.o)
 .ARM.attributes
                0x000000000000051d       0x34 c:/st/stm32cubeide_1.7.0/stm32cubeide/plugins/com.st.stm32cube.ide.mcu.externaltools.gnu-tools-for-stm32.9-2020-q2-update.win32_2.0.0.202105311346/tools/bin/../lib/gcc/arm-none-eabi/9.3.1/../../../../arm-none-eabi/lib/thumb/v7e-m+fp/hard\libc_nano.a(lib_a-nano-vfprintf.o)
 .ARM.attributes
                0x0000000000000551       0x34 c:/st/stm32cubeide_1.7.0/stm32cubeide/plugins/com.st.stm32cube.ide.mcu.externaltools.gnu-tools-for-stm32.9-2020-q2-update.win32_2.0.0.202105311346/tools/bin/../lib/gcc/arm-none-eabi/9.3.1/../../../../arm-none-eabi/lib/thumb/v7e-m+fp/hard\libc_nano.a(lib_a-nano-vfprintf_i.o)
 .ARM.attributes
                0x0000000000000585       0x34 c:/st/stm32cubeide_1.7.0/stm32cubeide/plugins/com.st.stm32cube.ide.mcu.externaltools.gnu-tools-for-stm32.9-2020-q2-update.win32_2.0.0.202105311346/tools/bin/../lib/gcc/arm-none-eabi/9.3.1/../../../../arm-none-eabi/lib/thumb/v7e-m+fp/hard\libc_nano.a(lib_a-wbuf.o)
 .ARM.attributes
                0x00000000000005b9       0x34 c:/st/stm32cubeide_1.7.0/stm32cubeide/plugins/com.st.stm32cube.ide.mcu.externaltools.gnu-tools-for-stm32.9-2020-q2-update.win32_2.0.0.202105311346/tools/bin/../lib/gcc/arm-none-eabi/9.3.1/../../../../arm-none-eabi/lib/thumb/v7e-m+fp/hard\libc_nano.a(lib_a-wsetup.o)
 .ARM.attributes
                0x00000000000005ed       0x34 c:/st/stm32cubeide_1.7.0/stm32cubeide/plugins/com.st.stm32cube.ide.mcu.externaltools.gnu-tools-for-stm32.9-2020-q2-update.win32_2.0.0.202105311346/tools/bin/../lib/gcc/arm-none-eabi/9.3.1/../../../../arm-none-eabi/lib/thumb/v7e-m+fp/hard\libc_nano.a(lib_a-abort.o)
 .ARM.attributes
                0x0000000000000621       0x34 c:/st/stm32cubeide_1.7.0/stm32cubeide/plugins/com.st.stm32cube.ide.mcu.externaltools.gnu-tools-for-stm32.9-2020-q2-update.win32_2.0.0.202105311346/tools/bin/../lib/gcc/arm-none-eabi/9.3.1/../../../../arm-none-eabi/lib/thumb/v7e-m+fp/hard\libc_nano.a(lib_a-fflush.o)
 .ARM.attributes
                0x0000000000000655       0x34 c:/st/stm32cubeide_1.7.0/stm32cubeide/plugins/com.st.stm32cube.ide.mcu.externaltools.gnu-tools-for-stm32.9-2020-q2-update.win32_2.0.0.202105311346/tools/bin/../lib/gcc/arm-none-eabi/9.3.1/../../../../arm-none-eabi/lib/thumb/v7e-m+fp/hard\libc_nano.a(lib_a-findfp.o)
 .ARM.attributes
                0x0000000000000689       0x34 c:/st/stm32cubeide_1.7.0/stm32cubeide/plugins/com.st.stm32cube.ide.mcu.externaltools.gnu-tools-for-stm32.9-2020-q2-update.win32_2.0.0.202105311346/tools/bin/../lib/gcc/arm-none-eabi/9.3.1/../../../../arm-none-eabi/lib/thumb/v7e-m+fp/hard\libc_nano.a(lib_a-fwalk.o)
 .ARM.attributes
                0x00000000000006bd       0x34 c:/st/stm32cubeide_1.7.0/stm32cubeide/plugins/com.st.stm32cube.ide.mcu.externaltools.gnu-tools-for-stm32.9-2020-q2-update.win32_2.0.0.202105311346/tools/bin/../lib/gcc/arm-none-eabi/9.3.1/../../../../arm-none-eabi/lib/thumb/v7e-m+fp/hard\libc_nano.a(lib_a-lock.o)
 .ARM.attributes
                0x00000000000006f1       0x34 c:/st/stm32cubeide_1.7.0/stm32cubeide/plugins/com.st.stm32cube.ide.mcu.externaltools.gnu-tools-for-stm32.9-2020-q2-update.win32_2.0.0.202105311346/tools/bin/../lib/gcc/arm-none-eabi/9.3.1/../../../../arm-none-eabi/lib/thumb/v7e-m+fp/hard\libc_nano.a(lib_a-makebuf.o)
 .ARM.attributes
                0x0000000000000725       0x1c c:/st/stm32cubeide_1.7.0/stm32cubeide/plugins/com.st.stm32cube.ide.mcu.externaltools.gnu-tools-for-stm32.9-2020-q2-update.win32_2.0.0.202105311346/tools/bin/../lib/gcc/arm-none-eabi/9.3.1/../../../../arm-none-eabi/lib/thumb/v7e-m+fp/hard\libc_nano.a(lib_a-memchr.o)
 .ARM.attributes
                0x0000000000000741       0x34 c:/st/stm32cubeide_1.7.0/stm32cubeide/plugins/com.st.stm32cube.ide.mcu.externaltools.gnu-tools-for-stm32.9-2020-q2-update.win32_2.0.0.202105311346/tools/bin/../lib/gcc/arm-none-eabi/9.3.1/../../../../arm-none-eabi/lib/thumb/v7e-m+fp/hard\libc_nano.a(lib_a-nano-freer.o)
 .ARM.attributes
                0x0000000000000775       0x34 c:/st/stm32cubeide_1.7.0/stm32cubeide/plugins/com.st.stm32cube.ide.mcu.externaltools.gnu-tools-for-stm32.9-2020-q2-update.win32_2.0.0.202105311346/tools/bin/../lib/gcc/arm-none-eabi/9.3.1/../../../../arm-none-eabi/lib/thumb/v7e-m+fp/hard\libc_nano.a(lib_a-nano-mallocr.o)
 .ARM.attributes
                0x00000000000007a9       0x34 c:/st/stm32cubeide_1.7.0/stm32cubeide/plugins/com.st.stm32cube.ide.mcu.externaltools.gnu-tools-for-stm32.9-2020-q2-update.win32_2.0.0.202105311346/tools/bin/../lib/gcc/arm-none-eabi/9.3.1/../../../../arm-none-eabi/lib/thumb/v7e-m+fp/hard\libc_nano.a(lib_a-sbrkr.o)
 .ARM.attributes
                0x00000000000007dd       0x34 c:/st/stm32cubeide_1.7.0/stm32cubeide/plugins/com.st.stm32cube.ide.mcu.externaltools.gnu-tools-for-stm32.9-2020-q2-update.win32_2.0.0.202105311346/tools/bin/../lib/gcc/arm-none-eabi/9.3.1/../../../../arm-none-eabi/lib/thumb/v7e-m+fp/hard\libc_nano.a(lib_a-signal.o)
 .ARM.attributes
                0x0000000000000811       0x34 c:/st/stm32cubeide_1.7.0/stm32cubeide/plugins/com.st.stm32cube.ide.mcu.externaltools.gnu-tools-for-stm32.9-2020-q2-update.win32_2.0.0.202105311346/tools/bin/../lib/gcc/arm-none-eabi/9.3.1/../../../../arm-none-eabi/lib/thumb/v7e-m+fp/hard\libc_nano.a(lib_a-signalr.o)
 .ARM.attributes
                0x0000000000000845       0x34 c:/st/stm32cubeide_1.7.0/stm32cubeide/plugins/com.st.stm32cube.ide.mcu.externaltools.gnu-tools-for-stm32.9-2020-q2-update.win32_2.0.0.202105311346/tools/bin/../lib/gcc/arm-none-eabi/9.3.1/../../../../arm-none-eabi/lib/thumb/v7e-m+fp/hard\libc_nano.a(lib_a-stdio.o)
 .ARM.attributes
                0x0000000000000879       0x34 c:/st/stm32cubeide_1.7.0/stm32cubeide/plugins/com.st.stm32cube.ide.mcu.externaltools.gnu-tools-for-stm32.9-2020-q2-update.win32_2.0.0.202105311346/tools/bin/../lib/gcc/arm-none-eabi/9.3.1/../../../../arm-none-eabi/lib/thumb/v7e-m+fp/hard\libc_nano.a(lib_a-writer.o)
 .ARM.attributes
                0x00000000000008ad       0x34 c:/st/stm32cubeide_1.7.0/stm32cubeide/plugins/com.st.stm32cube.ide.mcu.externaltools.gnu-tools-for-stm32.9-2020-q2-update.win32_2.0.0.202105311346/tools/bin/../lib/gcc/arm-none-eabi/9.3.1/../../../../arm-none-eabi/lib/thumb/v7e-m+fp/hard\libc_nano.a(lib_a-closer.o)
 .ARM.attributes
                0x00000000000008e1       0x34 c:/st/stm32cubeide_1.7.0/stm32cubeide/plugins/com.st.stm32cube.ide.mcu.externaltools.gnu-tools-for-stm32.9-2020-q2-update.win32_2.0.0.202105311346/tools/bin/../lib/gcc/arm-none-eabi/9.3.1/../../../../arm-none-eabi/lib/thumb/v7e-m+fp/hard\libc_nano.a(lib_a-fstatr.o)
 .ARM.attributes
                0x0000000000000915       0x34 c:/st/stm32cubeide_1.7.0/stm32cubeide/plugins/com.st.stm32cube.ide.mcu.externaltools.gnu-tools-for-stm32.9-2020-q2-update.win32_2.0.0.202105311346/tools/bin/../lib/gcc/arm-none-eabi/9.3.1/../../../../arm-none-eabi/lib/thumb/v7e-m+fp/hard\libc_nano.a(lib_a-isattyr.o)
 .ARM.attributes
                0x0000000000000949       0x34 c:/st/stm32cubeide_1.7.0/stm32cubeide/plugins/com.st.stm32cube.ide.mcu.externaltools.gnu-tools-for-stm32.9-2020-q2-update.win32_2.0.0.202105311346/tools/bin/../lib/gcc/arm-none-eabi/9.3.1/../../../../arm-none-eabi/lib/thumb/v7e-m+fp/hard\libc_nano.a(lib_a-lseekr.o)
 .ARM.attributes
                0x000000000000097d       0x34 c:/st/stm32cubeide_1.7.0/stm32cubeide/plugins/com.st.stm32cube.ide.mcu.externaltools.gnu-tools-for-stm32.9-2020-q2-update.win32_2.0.0.202105311346/tools/bin/../lib/gcc/arm-none-eabi/9.3.1/../../../../arm-none-eabi/lib/thumb/v7e-m+fp/hard\libc_nano.a(lib_a-mlock.o)
 .ARM.attributes
                0x00000000000009b1       0x34 c:/st/stm32cubeide_1.7.0/stm32cubeide/plugins/com.st.stm32cube.ide.mcu.externaltools.gnu-tools-for-stm32.9-2020-q2-update.win32_2.0.0.202105311346/tools/bin/../lib/gcc/arm-none-eabi/9.3.1/../../../../arm-none-eabi/lib/thumb/v7e-m+fp/hard\libc_nano.a(lib_a-readr.o)
 .ARM.attributes
                0x00000000000009e5       0x34 c:/st/stm32cubeide_1.7.0/stm32cubeide/plugins/com.st.stm32cube.ide.mcu.externaltools.gnu-tools-for-stm32.9-2020-q2-update.win32_2.0.0.202105311346/tools/bin/../lib/gcc/arm-none-eabi/9.3.1/../../../../arm-none-eabi/lib/thumb/v7e-m+fp/hard\libc_nano.a(lib_a-reent.o)
 .ARM.attributes
                0x0000000000000a19       0x1e c:/st/stm32cubeide_1.7.0/stm32cubeide/plugins/com.st.stm32cube.ide.mcu.externaltools.gnu-tools-for-stm32.9-2020-q2-update.win32_2.0.0.202105311346/tools/bin/../lib/gcc/arm-none-eabi/9.3.1/thumb/v7e-m+fp/hard\libgcc.a(_aeabi_uldivmod.o)
 .ARM.attributes
                0x0000000000000a37       0x34 c:/st/stm32cubeide_1.7.0/stm32cubeide/plugins/com.st.stm32cube.ide.mcu.externaltools.gnu-tools-for-stm32.9-2020-q2-update.win32_2.0.0.202105311346/tools/bin/../lib/gcc/arm-none-eabi/9.3.1/thumb/v7e-m+fp/hard\libgcc.a(_udivmoddi4.o)
 .ARM.attributes
                0x0000000000000a6b       0x1e c:/st/stm32cubeide_1.7.0/stm32cubeide/plugins/com.st.stm32cube.ide.mcu.externaltools.gnu-tools-for-stm32.9-2020-q2-update.win32_2.0.0.202105311346/tools/bin/../lib/gcc/arm-none-eabi/9.3.1/thumb/v7e-m+fp/hard\libgcc.a(_dvmd_tls.o)
 .ARM.attributes
                0x0000000000000a89       0x1e c:/st/stm32cubeide_1.7.0/stm32cubeide/plugins/com.st.stm32cube.ide.mcu.externaltools.gnu-tools-for-stm32.9-2020-q2-update.win32_2.0.0.202105311346/tools/bin/../lib/gcc/arm-none-eabi/9.3.1/thumb/v7e-m+fp/hard/crtn.o
OUTPUT(matiHome.elf elf32-littlearm)
LOAD linker stubs
LOAD c:/st/stm32cubeide_1.7.0/stm32cubeide/plugins/com.st.stm32cube.ide.mcu.externaltools.gnu-tools-for-stm32.9-2020-q2-update.win32_2.0.0.202105311346/tools/bin/../lib/gcc/arm-none-eabi/9.3.1/../../../../arm-none-eabi/lib/thumb/v7e-m+fp/hard\libc.a
LOAD c:/st/stm32cubeide_1.7.0/stm32cubeide/plugins/com.st.stm32cube.ide.mcu.externaltools.gnu-tools-for-stm32.9-2020-q2-update.win32_2.0.0.202105311346/tools/bin/../lib/gcc/arm-none-eabi/9.3.1/../../../../arm-none-eabi/lib/thumb/v7e-m+fp/hard\libm.a
LOAD c:/st/stm32cubeide_1.7.0/stm32cubeide/plugins/com.st.stm32cube.ide.mcu.externaltools.gnu-tools-for-stm32.9-2020-q2-update.win32_2.0.0.202105311346/tools/bin/../lib/gcc/arm-none-eabi/9.3.1/thumb/v7e-m+fp/hard\libgcc.a

.debug_info     0x0000000000000000     0xe4ed
 .debug_info    0x0000000000000000      0xcb0 ./Core/Src/bt_command_decode2.o
 .debug_info    0x0000000000000cb0      0x1e0 ./Core/Src/core.o
 .debug_info    0x0000000000000e90     0x138b ./Core/Src/main.o
 .debug_info    0x000000000000221b      0xc04 ./Core/Src/ring_buffer.o
 .debug_info    0x0000000000002e1f      0xc75 ./Core/Src/stm32f4xx_hal_msp.o
 .debug_info    0x0000000000003a94      0x70d ./Core/Src/stm32f4xx_it.o
 .debug_info    0x00000000000041a1      0xfa8 ./Core/Src/syscalls.o
 .debug_info    0x0000000000005149      0xa25 ./Core/Src/sysmem.o
 .debug_info    0x0000000000005b6e      0x5dc ./Core/Src/system_stm32f4xx.o
 .debug_info    0x000000000000614a     0x11c2 ./Core/Src/uart.o
 .debug_info    0x000000000000730c       0x22 ./Core/Startup/startup_stm32f446retx.o
 .debug_info    0x000000000000732e      0xa08 ./Drivers/STM32F4xx_HAL_Driver/Src/stm32f4xx_hal.o
 .debug_info    0x0000000000007d36      0xef5 ./Drivers/STM32F4xx_HAL_Driver/Src/stm32f4xx_hal_cortex.o
 .debug_info    0x0000000000008c2b      0x9f1 ./Drivers/STM32F4xx_HAL_Driver/Src/stm32f4xx_hal_dma.o
 .debug_info    0x000000000000961c      0x892 ./Drivers/STM32F4xx_HAL_Driver/Src/stm32f4xx_hal_gpio.o
 .debug_info    0x0000000000009eae      0x9db ./Drivers/STM32F4xx_HAL_Driver/Src/stm32f4xx_hal_rcc.o
 .debug_info    0x000000000000a889      0xa86 ./Drivers/STM32F4xx_HAL_Driver/Src/stm32f4xx_hal_rcc_ex.o
 .debug_info    0x000000000000b30f     0x31de ./Drivers/STM32F4xx_HAL_Driver/Src/stm32f4xx_hal_uart.o

.debug_abbrev   0x0000000000000000     0x2314
 .debug_abbrev  0x0000000000000000      0x21a ./Core/Src/bt_command_decode2.o
 .debug_abbrev  0x000000000000021a       0xdc ./Core/Src/core.o
 .debug_abbrev  0x00000000000002f6      0x28c ./Core/Src/main.o
 .debug_abbrev  0x0000000000000582      0x1ce ./Core/Src/ring_buffer.o
 .debug_abbrev  0x0000000000000750      0x1b5 ./Core/Src/stm32f4xx_hal_msp.o
 .debug_abbrev  0x0000000000000905      0x163 ./Core/Src/stm32f4xx_it.o
 .debug_abbrev  0x0000000000000a68      0x286 ./Core/Src/syscalls.o
 .debug_abbrev  0x0000000000000cee      0x1bf ./Core/Src/sysmem.o
 .debug_abbrev  0x0000000000000ead      0x145 ./Core/Src/system_stm32f4xx.o
 .debug_abbrev  0x0000000000000ff2      0x25b ./Core/Src/uart.o
 .debug_abbrev  0x000000000000124d       0x12 ./Core/Startup/startup_stm32f446retx.o
 .debug_abbrev  0x000000000000125f      0x1ed ./Drivers/STM32F4xx_HAL_Driver/Src/stm32f4xx_hal.o
 .debug_abbrev  0x000000000000144c      0x33c ./Drivers/STM32F4xx_HAL_Driver/Src/stm32f4xx_hal_cortex.o
 .debug_abbrev  0x0000000000001788      0x259 ./Drivers/STM32F4xx_HAL_Driver/Src/stm32f4xx_hal_dma.o
 .debug_abbrev  0x00000000000019e1      0x1f1 ./Drivers/STM32F4xx_HAL_Driver/Src/stm32f4xx_hal_gpio.o
 .debug_abbrev  0x0000000000001bd2      0x275 ./Drivers/STM32F4xx_HAL_Driver/Src/stm32f4xx_hal_rcc.o
 .debug_abbrev  0x0000000000001e47      0x1e2 ./Drivers/STM32F4xx_HAL_Driver/Src/stm32f4xx_hal_rcc_ex.o
 .debug_abbrev  0x0000000000002029      0x2eb ./Drivers/STM32F4xx_HAL_Driver/Src/stm32f4xx_hal_uart.o

.debug_aranges  0x0000000000000000      0x8f0
 .debug_aranges
                0x0000000000000000       0x38 ./Core/Src/bt_command_decode2.o
 .debug_aranges
                0x0000000000000038       0x28 ./Core/Src/core.o
 .debug_aranges
                0x0000000000000060       0x40 ./Core/Src/main.o
 .debug_aranges
                0x00000000000000a0       0x58 ./Core/Src/ring_buffer.o
 .debug_aranges
                0x00000000000000f8       0x30 ./Core/Src/stm32f4xx_hal_msp.o
 .debug_aranges
                0x0000000000000128       0x68 ./Core/Src/stm32f4xx_it.o
 .debug_aranges
                0x0000000000000190       0xa8 ./Core/Src/syscalls.o
 .debug_aranges
                0x0000000000000238       0x20 ./Core/Src/sysmem.o
 .debug_aranges
                0x0000000000000258       0x28 ./Core/Src/system_stm32f4xx.o
 .debug_aranges
                0x0000000000000280       0x58 ./Core/Src/uart.o
 .debug_aranges
                0x00000000000002d8       0x28 ./Core/Startup/startup_stm32f446retx.o
 .debug_aranges
                0x0000000000000300       0xf0 ./Drivers/STM32F4xx_HAL_Driver/Src/stm32f4xx_hal.o
 .debug_aranges
                0x00000000000003f0      0x118 ./Drivers/STM32F4xx_HAL_Driver/Src/stm32f4xx_hal_cortex.o
 .debug_aranges
                0x0000000000000508       0x90 ./Drivers/STM32F4xx_HAL_Driver/Src/stm32f4xx_hal_dma.o
 .debug_aranges
                0x0000000000000598       0x58 ./Drivers/STM32F4xx_HAL_Driver/Src/stm32f4xx_hal_gpio.o
 .debug_aranges
                0x00000000000005f0       0x88 ./Drivers/STM32F4xx_HAL_Driver/Src/stm32f4xx_hal_rcc.o
 .debug_aranges
                0x0000000000000678       0x78 ./Drivers/STM32F4xx_HAL_Driver/Src/stm32f4xx_hal_rcc_ex.o
 .debug_aranges
                0x00000000000006f0      0x200 ./Drivers/STM32F4xx_HAL_Driver/Src/stm32f4xx_hal_uart.o

.debug_ranges   0x0000000000000000      0x820
 .debug_ranges  0x0000000000000000       0x28 ./Core/Src/bt_command_decode2.o
 .debug_ranges  0x0000000000000028       0x18 ./Core/Src/core.o
 .debug_ranges  0x0000000000000040       0x30 ./Core/Src/main.o
 .debug_ranges  0x0000000000000070       0x48 ./Core/Src/ring_buffer.o
 .debug_ranges  0x00000000000000b8       0x20 ./Core/Src/stm32f4xx_hal_msp.o
 .debug_ranges  0x00000000000000d8       0x58 ./Core/Src/stm32f4xx_it.o
 .debug_ranges  0x0000000000000130       0x98 ./Core/Src/syscalls.o
 .debug_ranges  0x00000000000001c8       0x10 ./Core/Src/sysmem.o
 .debug_ranges  0x00000000000001d8       0x18 ./Core/Src/system_stm32f4xx.o
 .debug_ranges  0x00000000000001f0       0x60 ./Core/Src/uart.o
 .debug_ranges  0x0000000000000250       0x20 ./Core/Startup/startup_stm32f446retx.o
 .debug_ranges  0x0000000000000270       0xe0 ./Drivers/STM32F4xx_HAL_Driver/Src/stm32f4xx_hal.o
 .debug_ranges  0x0000000000000350      0x108 ./Drivers/STM32F4xx_HAL_Driver/Src/stm32f4xx_hal_cortex.o
 .debug_ranges  0x0000000000000458       0x80 ./Drivers/STM32F4xx_HAL_Driver/Src/stm32f4xx_hal_dma.o
 .debug_ranges  0x00000000000004d8       0x48 ./Drivers/STM32F4xx_HAL_Driver/Src/stm32f4xx_hal_gpio.o
 .debug_ranges  0x0000000000000520       0x78 ./Drivers/STM32F4xx_HAL_Driver/Src/stm32f4xx_hal_rcc.o
 .debug_ranges  0x0000000000000598       0x68 ./Drivers/STM32F4xx_HAL_Driver/Src/stm32f4xx_hal_rcc_ex.o
 .debug_ranges  0x0000000000000600      0x220 ./Drivers/STM32F4xx_HAL_Driver/Src/stm32f4xx_hal_uart.o

.debug_macro    0x0000000000000000    0x22c2a
 .debug_macro   0x0000000000000000      0x3a9 ./Core/Src/bt_command_decode2.o
 .debug_macro   0x00000000000003a9      0xaa8 ./Core/Src/bt_command_decode2.o
 .debug_macro   0x0000000000000e51       0x22 ./Core/Src/bt_command_decode2.o
 .debug_macro   0x0000000000000e73       0x22 ./Core/Src/bt_command_decode2.o
 .debug_macro   0x0000000000000e95       0x8e ./Core/Src/bt_command_decode2.o
 .debug_macro   0x0000000000000f23       0x51 ./Core/Src/bt_command_decode2.o
 .debug_macro   0x0000000000000f74      0x103 ./Core/Src/bt_command_decode2.o
 .debug_macro   0x0000000000001077       0x6a ./Core/Src/bt_command_decode2.o
 .debug_macro   0x00000000000010e1      0x1df ./Core/Src/bt_command_decode2.o
 .debug_macro   0x00000000000012c0      0x174 ./Core/Src/bt_command_decode2.o
 .debug_macro   0x0000000000001434       0x52 ./Core/Src/bt_command_decode2.o
 .debug_macro   0x0000000000001486       0x18 ./Core/Src/bt_command_decode2.o
 .debug_macro   0x000000000000149e       0x3c ./Core/Src/bt_command_decode2.o
 .debug_macro   0x00000000000014da       0x34 ./Core/Src/bt_command_decode2.o
 .debug_macro   0x000000000000150e       0x16 ./Core/Src/bt_command_decode2.o
 .debug_macro   0x0000000000001524       0x35 ./Core/Src/bt_command_decode2.o
 .debug_macro   0x0000000000001559      0x339 ./Core/Src/bt_command_decode2.o
 .debug_macro   0x0000000000001892       0x10 ./Core/Src/bt_command_decode2.o
 .debug_macro   0x00000000000018a2       0x16 ./Core/Src/bt_command_decode2.o
 .debug_macro   0x00000000000018b8       0x43 ./Core/Src/bt_command_decode2.o
 .debug_macro   0x00000000000018fb       0x34 ./Core/Src/bt_command_decode2.o
 .debug_macro   0x000000000000192f       0x10 ./Core/Src/bt_command_decode2.o
 .debug_macro   0x000000000000193f       0x58 ./Core/Src/bt_command_decode2.o
 .debug_macro   0x0000000000001997       0x71 ./Core/Src/bt_command_decode2.o
 .debug_macro   0x0000000000001a08       0x1c ./Core/Src/bt_command_decode2.o
 .debug_macro   0x0000000000001a24      0x12a ./Core/Src/bt_command_decode2.o
 .debug_macro   0x0000000000001b4e       0x10 ./Core/Src/bt_command_decode2.o
 .debug_macro   0x0000000000001b5e       0x1c ./Core/Src/bt_command_decode2.o
 .debug_macro   0x0000000000001b7a       0x52 ./Core/Src/bt_command_decode2.o
 .debug_macro   0x0000000000001bcc       0x22 ./Core/Src/bt_command_decode2.o
 .debug_macro   0x0000000000001bee       0x10 ./Core/Src/bt_command_decode2.o
 .debug_macro   0x0000000000001bfe       0x40 ./Core/Src/bt_command_decode2.o
 .debug_macro   0x0000000000001c3e       0xd5 ./Core/Src/bt_command_decode2.o
 .debug_macro   0x0000000000001d13       0x1c ./Core/Src/bt_command_decode2.o
 .debug_macro   0x0000000000001d2f       0x3d ./Core/Src/bt_command_decode2.o
 .debug_macro   0x0000000000001d6c       0x16 ./Core/Src/bt_command_decode2.o
 .debug_macro   0x0000000000001d82      0x145 ./Core/Src/bt_command_decode2.o
 .debug_macro   0x0000000000001ec7       0x16 ./Core/Src/bt_command_decode2.o
 .debug_macro   0x0000000000001edd       0x20 ./Core/Src/bt_command_decode2.o
 .debug_macro   0x0000000000001efd      0x295 ./Core/Src/bt_command_decode2.o
 .debug_macro   0x0000000000002192       0x2e ./Core/Src/bt_command_decode2.o
 .debug_macro   0x00000000000021c0       0x28 ./Core/Src/bt_command_decode2.o
 .debug_macro   0x00000000000021e8       0x1c ./Core/Src/bt_command_decode2.o
 .debug_macro   0x0000000000002204       0x22 ./Core/Src/bt_command_decode2.o
 .debug_macro   0x0000000000002226       0xd9 ./Core/Src/bt_command_decode2.o
 .debug_macro   0x00000000000022ff     0x102d ./Core/Src/bt_command_decode2.o
 .debug_macro   0x000000000000332c      0x11f ./Core/Src/bt_command_decode2.o
 .debug_macro   0x000000000000344b    0x16749 ./Core/Src/bt_command_decode2.o
 .debug_macro   0x0000000000019b94       0x6d ./Core/Src/bt_command_decode2.o
 .debug_macro   0x0000000000019c01     0x3666 ./Core/Src/bt_command_decode2.o
 .debug_macro   0x000000000001d267       0x56 ./Core/Src/bt_command_decode2.o
 .debug_macro   0x000000000001d2bd      0xc90 ./Core/Src/bt_command_decode2.o
 .debug_macro   0x000000000001df4d      0x9fe ./Core/Src/bt_command_decode2.o
 .debug_macro   0x000000000001e94b      0x116 ./Core/Src/bt_command_decode2.o
 .debug_macro   0x000000000001ea61      0x1a0 ./Core/Src/bt_command_decode2.o
 .debug_macro   0x000000000001ec01       0xa5 ./Core/Src/bt_command_decode2.o
 .debug_macro   0x000000000001eca6      0x16d ./Core/Src/bt_command_decode2.o
 .debug_macro   0x000000000001ee13      0x287 ./Core/Src/bt_command_decode2.o
 .debug_macro   0x000000000001f09a       0x5f ./Core/Src/bt_command_decode2.o
 .debug_macro   0x000000000001f0f9      0x236 ./Core/Src/bt_command_decode2.o
 .debug_macro   0x000000000001f32f      0x132 ./Core/Src/bt_command_decode2.o
 .debug_macro   0x000000000001f461      0x29c ./Core/Src/bt_command_decode2.o
 .debug_macro   0x000000000001f6fd       0x2e ./Core/Src/bt_command_decode2.o
 .debug_macro   0x000000000001f72b      0x11a ./Core/Src/bt_command_decode2.o
 .debug_macro   0x000000000001f845       0xe8 ./Core/Src/bt_command_decode2.o
 .debug_macro   0x000000000001f92d       0x89 ./Core/Src/bt_command_decode2.o
 .debug_macro   0x000000000001f9b6      0x295 ./Core/Src/bt_command_decode2.o
 .debug_macro   0x000000000001fc4b      0x126 ./Core/Src/bt_command_decode2.o
 .debug_macro   0x000000000001fd71      0x1c4 ./Core/Src/core.o
 .debug_macro   0x000000000001ff35       0xdf ./Core/Src/core.o
 .debug_macro   0x0000000000020014       0x5c ./Core/Src/core.o
 .debug_macro   0x0000000000020070      0x39e ./Core/Src/main.o
 .debug_macro   0x000000000002040e      0x333 ./Core/Src/main.o
 .debug_macro   0x0000000000020741      0x1db ./Core/Src/ring_buffer.o
 .debug_macro   0x000000000002091c       0x4c ./Core/Src/ring_buffer.o
 .debug_macro   0x0000000000020968       0x94 ./Core/Src/ring_buffer.o
 .debug_macro   0x00000000000209fc       0x57 ./Core/Src/ring_buffer.o
 .debug_macro   0x0000000000020a53       0x1c ./Core/Src/ring_buffer.o
 .debug_macro   0x0000000000020a6f       0x16 ./Core/Src/ring_buffer.o
 .debug_macro   0x0000000000020a85      0x1c4 ./Core/Src/stm32f4xx_hal_msp.o
 .debug_macro   0x0000000000020c49      0x1ce ./Core/Src/stm32f4xx_it.o
 .debug_macro   0x0000000000020e17      0x24c ./Core/Src/syscalls.o
 .debug_macro   0x0000000000021063       0x10 ./Core/Src/syscalls.o
 .debug_macro   0x0000000000021073       0x10 ./Core/Src/syscalls.o
 .debug_macro   0x0000000000021083       0x10 ./Core/Src/syscalls.o
 .debug_macro   0x0000000000021093       0x35 ./Core/Src/syscalls.o
 .debug_macro   0x00000000000210c8      0x12c ./Core/Src/syscalls.o
 .debug_macro   0x00000000000211f4       0x16 ./Core/Src/syscalls.o
 .debug_macro   0x000000000002120a       0x16 ./Core/Src/syscalls.o
 .debug_macro   0x0000000000021220       0x29 ./Core/Src/syscalls.o
 .debug_macro   0x0000000000021249       0x10 ./Core/Src/syscalls.o
 .debug_macro   0x0000000000021259      0x241 ./Core/Src/syscalls.o
 .debug_macro   0x000000000002149a       0x10 ./Core/Src/syscalls.o
 .debug_macro   0x00000000000214aa      0x189 ./Core/Src/syscalls.o
 .debug_macro   0x0000000000021633       0x16 ./Core/Src/syscalls.o
 .debug_macro   0x0000000000021649       0xce ./Core/Src/syscalls.o
 .debug_macro   0x0000000000021717       0xff ./Core/Src/sysmem.o
 .debug_macro   0x0000000000021816      0x23b ./Core/Src/sysmem.o
 .debug_macro   0x0000000000021a51      0x1ba ./Core/Src/system_stm32f4xx.o
 .debug_macro   0x0000000000021c0b      0x378 ./Core/Src/uart.o
 .debug_macro   0x0000000000021f83      0x21a ./Drivers/STM32F4xx_HAL_Driver/Src/stm32f4xx_hal.o
 .debug_macro   0x000000000002219d      0x1ba ./Drivers/STM32F4xx_HAL_Driver/Src/stm32f4xx_hal_cortex.o
 .debug_macro   0x0000000000022357      0x1c0 ./Drivers/STM32F4xx_HAL_Driver/Src/stm32f4xx_hal_dma.o
 .debug_macro   0x0000000000022517      0x1c0 ./Drivers/STM32F4xx_HAL_Driver/Src/stm32f4xx_hal_gpio.o
 .debug_macro   0x00000000000226d7      0x1de ./Drivers/STM32F4xx_HAL_Driver/Src/stm32f4xx_hal_rcc.o
 .debug_macro   0x00000000000228b5      0x1ba ./Drivers/STM32F4xx_HAL_Driver/Src/stm32f4xx_hal_rcc_ex.o
 .debug_macro   0x0000000000022a6f      0x1bb ./Drivers/STM32F4xx_HAL_Driver/Src/stm32f4xx_hal_uart.o

.debug_line     0x0000000000000000     0xc8b7
 .debug_line    0x0000000000000000      0x9f2 ./Core/Src/bt_command_decode2.o
 .debug_line    0x00000000000009f2      0x6b2 ./Core/Src/core.o
 .debug_line    0x00000000000010a4      0x9c6 ./Core/Src/main.o
 .debug_line    0x0000000000001a6a      0x75c ./Core/Src/ring_buffer.o
 .debug_line    0x00000000000021c6      0x6e6 ./Core/Src/stm32f4xx_hal_msp.o
 .debug_line    0x00000000000028ac      0x770 ./Core/Src/stm32f4xx_it.o
 .debug_line    0x000000000000301c      0x802 ./Core/Src/syscalls.o
 .debug_line    0x000000000000381e      0x4f8 ./Core/Src/sysmem.o
 .debug_line    0x0000000000003d16      0x717 ./Core/Src/system_stm32f4xx.o
 .debug_line    0x000000000000442d      0xa0a ./Core/Src/uart.o
 .debug_line    0x0000000000004e37       0x88 ./Core/Startup/startup_stm32f446retx.o
 .debug_line    0x0000000000004ebf      0x97d ./Drivers/STM32F4xx_HAL_Driver/Src/stm32f4xx_hal.o
 .debug_line    0x000000000000583c      0xc2c ./Drivers/STM32F4xx_HAL_Driver/Src/stm32f4xx_hal_cortex.o
 .debug_line    0x0000000000006468      0xee2 ./Drivers/STM32F4xx_HAL_Driver/Src/stm32f4xx_hal_dma.o
 .debug_line    0x000000000000734a      0xadf ./Drivers/STM32F4xx_HAL_Driver/Src/stm32f4xx_hal_gpio.o
 .debug_line    0x0000000000007e29      0xd03 ./Drivers/STM32F4xx_HAL_Driver/Src/stm32f4xx_hal_rcc.o
 .debug_line    0x0000000000008b2c     0x1387 ./Drivers/STM32F4xx_HAL_Driver/Src/stm32f4xx_hal_rcc_ex.o
 .debug_line    0x0000000000009eb3     0x2a04 ./Drivers/STM32F4xx_HAL_Driver/Src/stm32f4xx_hal_uart.o

.debug_str      0x0000000000000000    0xca584
 .debug_str     0x0000000000000000    0xc643d ./Core/Src/bt_command_decode2.o
                                      0xc677d (size before relaxing)
 .debug_str     0x00000000000c643d       0x76 ./Core/Src/core.o
                                      0xc2037 (size before relaxing)
 .debug_str     0x00000000000c64b3      0x6a7 ./Core/Src/main.o
                                      0xc68af (size before relaxing)
 .debug_str     0x00000000000c6b5a       0xeb ./Core/Src/ring_buffer.o
                                       0x8239 (size before relaxing)
 .debug_str     0x00000000000c6c45      0x5c0 ./Core/Src/stm32f4xx_hal_msp.o
                                      0xc2b20 (size before relaxing)
 .debug_str     0x00000000000c7205       0xce ./Core/Src/stm32f4xx_it.o
                                      0xc24e0 (size before relaxing)
 .debug_str     0x00000000000c72d3     0x1747 ./Core/Src/syscalls.o
                                       0x8ecf (size before relaxing)
 .debug_str     0x00000000000c8a1a       0x6b ./Core/Src/sysmem.o
                                       0x62a2 (size before relaxing)
 .debug_str     0x00000000000c8a85       0xaf ./Core/Src/system_stm32f4xx.o
                                      0xc219c (size before relaxing)
 .debug_str     0x00000000000c8b34      0x109 ./Core/Src/uart.o