bt_app.c:350:14:initConnection	16	static
bt_app.c:357:13:initAllConnections	16	static
bt_app.c:366:16:returnCurrentActiveConnectionIndex	4	static
bt_app.c:372:13:setCurrentActiveConnectionIndex	16	static
bt_app.c:378:16:findAvailableConnectionIndex	16	static
bt_app.c:390:16:IsConnectionsFull	8	static
bt_app.c:399:16:findExistConnectionByInfo	24	static
bt_app.c:411:13:updateWhenProfileConnected	24	static
bt_app.c:437:13:updateWhenProfileDisconnected	24	static
bt_app.c:480:16:volumeFormatTo4bits	16	static
bt_app.c:486:16:volumeFormatTo7bits	16	static
bt_app.c:492:16:volumeFormatFrom4bits	16	static
bt_app.c:499:16:volumeFormatFrom7bits	16	static
bt_app.c:506:13:volumeUp	24	static
bt_app.c:528:13:volumeDown	24	static
bt_app.c:550:16:get4bitsVol	24	static
bt_app.c:569:16:get7bitsVol	24	static
bt_app.c:588:13:set4bitVol	24	static
bt_app.c:608:13:set7bitVol	24	static
bt_app.c:628:13:volumeUpCurrentMode	16	static
bt_app.c:650:13:volumeDownCurrentMode	16	static
bt_app.c:672:16:get4bitsVolCurrentMode	16	static
bt_app.c:691:16:get7bitsVolCurrentMode	16	static
bt_app.c:710:13:set4bitVolCurrentMode	24	static
bt_app.c:730:13:set7bitVolCurrentMode	24	static
bt_app.c:756:13:initStatus	8	static
bt_app.c:777:13:initSPP	4	static
bt_app.c:789:13:nextCommandReqCheck	8	static
bt_app.c:1011:6:BTAPP_Init	8	static
bt_app.c:1046:6:BTAPP_Task	24	static
bt_app.c:1423:9:BTAPP_GetStatus	4	static
bt_app.c:1438:6:BTAPP_EventHandler	24	static
bt_app.c:2120:6:BTAPP_TaskReq	16	static
bt_app.c:2128:6:BTAPP_Timer1MS_event	8	static
bt_app.c:2175:6:BTAPP_EnterBTPairingMode	8	static
bt_app.c:2204:6:BTAPP_ResetEEPROMtoDefault	8	static
bt_app.c:2215:6:BTAPP_PlayNextSong	8	static
bt_app.c:2226:6:BTAPP_PlayPreviousSong	8	static
bt_app.c:2237:6:BTAPP_PlayPause	8	static
bt_app.c:2260:6:BTAPP_StartFastForward	8	static
bt_app.c:2273:6:BTAPP_StartFastRewind	8	static
bt_app.c:2286:6:BTAPP_CancelForwardOrRewind	8	static
bt_app.c:2301:6:BTAPP_NSPKAdd	8	static
bt_app.c:2308:6:BTAPP_NSPKBtnLongPress	8	static
bt_app.c:2351:6:BTAPP_NSPKBtnDbClick	8	static
bt_app.c:2366:6:BTAPP_NSPKBtnShortPress	8	static
bt_app.c:2384:6:BTAPP_BroadcastAdd	8	static
bt_app.c:2391:6:BTAPP_BroadcastBtnLongPress	8	static
bt_app.c:2434:6:BTAPP_BroadcastBtnShortPress	4	static
bt_app.c:2440:6:BTAPP_BroadcastBtnDbClick	8	static
bt_app.c:2455:6:BTAPP_ExitBroadcastRegisterMode	8	static
bt_app.c:2467:6:BTAPP_GroupSpeakerSoundSync	8	static
bt_app.c:2480:6:BTAPP_MultiEventShort	8	static
bt_app.c:2487:6:BTAPP_CallEventShort	8	static
bt_app.c:2526:6:BTAPP_CallEventLong	8	static
bt_app.c:2566:6:BTAPP_DebugOnApp	8	static
bt_app.c:2593:6:BTAPP_VolUp	16	static
bt_app.c:2666:6:BTAPP_VolDown	16	static
bt_app.c:2744:6:getI2SAuxInJumper	4	static
bt_app.c:2753:6:getDatabase3Jumper	4	static
bt_app.c:2772:6:BTAPP_SendDataOverSPP	16	static
bt_app.c:2779:6:BTAPP_SendCharOverSPP	16	static
bt_app.c:2786:6:BT_SPPBuffClear	16	static
bt_app.c:2797:6:BT_AddBytesToSPPBuff	24	static
bt_app.c:2820:6:BT_ReadOneByteFromSPPBuff	16	static
bt_app.c:2838:6:SPPTask	8	static
bt_app.c:2872:9:IsSPPTaskIdle	4	static
bt_app.c:2882:6:BT_AddBytesToSPPBuffFromBeginning	24	static
bt_app.c:2904:6:BT_AddBytesToSPPBuff_Fragmented_Pkt	24	static
bt_app.c:2956:6:BT_SaveLocalBDAddress	24	static
bt_app.c:2962:6:BT_SaveDeviceName	16	static
bt_app.c:2967:6:BT_SaveMasterBDAddress	24	static
bt_app.c:2979:6:BT_CustomerGATT_AttributeData	16	static
bt_app.c:2988:6:BT_isBLEConnected	4	static
bt_app.c:2993:6:BT_SendEQBytes	8	static
bt_app.c:3022:6:BT_SetMultiSpkEQRoute	16	static
bt_app.c:3027:6:BT_SendMultiSpkEQBytes	24	static
bt_app.c:3055:6:BT_isA2DPPlaying	4	static
bt_app.c:3059:6:BT_isA2DPPaused	4	static
bt_app.c:3066:6:BT_ToggleAudioPath	8	static
bt_app.c:3074:6:BT_A2DPAppStatus	8	static
bt_app.c:3079:6:BT_isMaster	4	static
bt_app.c:3088:6:BT_isStandalone	4	static
bt_app.c:3092:6:BT_SendMuteInfo	16	static
bt_app.c:3098:6:BT_SendVolInfo	4	static
bt_app.c:3105:6:BT_isCallIdle	4	static
bt_app.c:3109:9:BT_GetSysStatus	4	static
bt_app.c:3113:9:BT_GetLinkStatus	4	static
bt_app.c:3117:6:BTAPP_MFBOnMode	8	static
