bt_command_send.c:34:6:BT_Action	16	static
bt_command_send.c:45:6:BT_CallNumber	48	static
bt_command_send.c:72:6:BT_MMI_ActionCommand	16	static
bt_command_send.c:76:6:BT_Send_ActionCommand	24	static
bt_command_send.c:91:6:copySendingCommandToBuffer	16	static
bt_command_send.c:97:13:copyCommandToBuffer	16	static
bt_command_send.c:103:16:calculateChecksum	24	static
bt_command_send.c:119:6:BT_Send_EQCmd	24	static
bt_command_send.c:126:6:BT_Send_EQMode	24	static
bt_command_send.c:141:6:BT_Vendor_SendVol	32	static
bt_command_send.c:151:6:BT_Vendor_SendCommand	48	static
bt_command_send.c:173:6:BT_MusicControlCommand	24	static
bt_command_send.c:188:6:BT_SendAckToEvent	24	static
bt_command_send.c:201:6:BT_SendDiscoverableCommand	24	static
bt_command_send.c:215:6:BT_ReadBTMLinkModeCommand	16	static
bt_command_send.c:229:6:BT_ReadDeviceAddressCommand	16	static
bt_command_send.c:241:6:BT_ReadNSpkStatus	16	static
bt_command_send.c:253:6:BT_ReadDeviceNameCommand	16	static
bt_command_send.c:267:6:BT_ReadFeatureListCommand	16	static
bt_command_send.c:283:6:BT_GetPairRecordCommand	16	static
bt_command_send.c:297:6:BT_LinkBackToLastDevice	16	static
bt_command_send.c:311:6:BT_LinkBackMultipoint	16	static
bt_command_send.c:325:6:BT_LinkBackToDeviceByBTAddress	32	static
bt_command_send.c:347:6:BT_DisconnectAllProfile	16	static
bt_command_send.c:360:6:BT_DisconnectSPPProfile	16	static
bt_command_send.c:374:6:BT_DisconnectHFPProfile	16	static
bt_command_send.c:388:6:BT_DisconnectA2DPProfile	16	static
bt_command_send.c:402:6:BT_SetOverallGainCommand	40	static
bt_command_send.c:438:6:BT_SetOverallGain	32	static
bt_command_send.c:460:6:BT_SendAppsAck	32	static
bt_command_send.c:472:6:BT_SendAppsPowerStatus	32	static
bt_command_send.c:483:6:BT_SendAppBTMStatus	32	static
bt_command_send.c:498:6:BT_SetupBTMGPIO	32	static
bt_command_send.c:523:6:BT_EnterLineInMode	32	static
bt_command_send.c:551:6:BT_SetRXBufferSize	24	static
bt_command_send.c:564:6:BT_ProfileLinkBack	32	static
